Archive member included to satisfy reference by file (symbol)

/opt/ST/STM32CubeCLT_1.19.0/GNU-tools-for-STM32/bin/../lib/gcc/arm-none-eabi/13.3.1/../../../../arm-none-eabi/lib/thumb/v7-m/nofp/libc_nano.a(libc_a-exit.o)
                              /opt/ST/STM32CubeCLT_1.19.0/GNU-tools-for-STM32/bin/../lib/gcc/arm-none-eabi/13.3.1/../../../../arm-none-eabi/lib/thumb/v7-m/nofp/crt0.o (exit)
/opt/ST/STM32CubeCLT_1.19.0/GNU-tools-for-STM32/bin/../lib/gcc/arm-none-eabi/13.3.1/../../../../arm-none-eabi/lib/thumb/v7-m/nofp/libc_nano.a(libc_a-itoa.o)
                              build/main.o (itoa)
/opt/ST/STM32CubeCLT_1.19.0/GNU-tools-for-STM32/bin/../lib/gcc/arm-none-eabi/13.3.1/../../../../arm-none-eabi/lib/thumb/v7-m/nofp/libc_nano.a(libc_a-sprintf.o)
                              build/main.o (sprintf)
/opt/ST/STM32CubeCLT_1.19.0/GNU-tools-for-STM32/bin/../lib/gcc/arm-none-eabi/13.3.1/../../../../arm-none-eabi/lib/thumb/v7-m/nofp/libc_nano.a(libc_a-findfp.o)
                              /opt/ST/STM32CubeCLT_1.19.0/GNU-tools-for-STM32/bin/../lib/gcc/arm-none-eabi/13.3.1/../../../../arm-none-eabi/lib/thumb/v7-m/nofp/libc_nano.a(libc_a-exit.o) (__stdio_exit_handler)
/opt/ST/STM32CubeCLT_1.19.0/GNU-tools-for-STM32/bin/../lib/gcc/arm-none-eabi/13.3.1/../../../../arm-none-eabi/lib/thumb/v7-m/nofp/libc_nano.a(libc_a-utoa.o)
                              /opt/ST/STM32CubeCLT_1.19.0/GNU-tools-for-STM32/bin/../lib/gcc/arm-none-eabi/13.3.1/../../../../arm-none-eabi/lib/thumb/v7-m/nofp/libc_nano.a(libc_a-itoa.o) (__utoa)
/opt/ST/STM32CubeCLT_1.19.0/GNU-tools-for-STM32/bin/../lib/gcc/arm-none-eabi/13.3.1/../../../../arm-none-eabi/lib/thumb/v7-m/nofp/libc_nano.a(libc_a-fwalk.o)
                              /opt/ST/STM32CubeCLT_1.19.0/GNU-tools-for-STM32/bin/../lib/gcc/arm-none-eabi/13.3.1/../../../../arm-none-eabi/lib/thumb/v7-m/nofp/libc_nano.a(libc_a-findfp.o) (_fwalk_sglue)
/opt/ST/STM32CubeCLT_1.19.0/GNU-tools-for-STM32/bin/../lib/gcc/arm-none-eabi/13.3.1/../../../../arm-none-eabi/lib/thumb/v7-m/nofp/libc_nano.a(libc_a-memset.o)
                              /opt/ST/STM32CubeCLT_1.19.0/GNU-tools-for-STM32/bin/../lib/gcc/arm-none-eabi/13.3.1/../../../../arm-none-eabi/lib/thumb/v7-m/nofp/crt0.o (memset)
/opt/ST/STM32CubeCLT_1.19.0/GNU-tools-for-STM32/bin/../lib/gcc/arm-none-eabi/13.3.1/../../../../arm-none-eabi/lib/thumb/v7-m/nofp/libc_nano.a(libc_a-errno.o)
                              build/sysmem.o (__errno)
/opt/ST/STM32CubeCLT_1.19.0/GNU-tools-for-STM32/bin/../lib/gcc/arm-none-eabi/13.3.1/../../../../arm-none-eabi/lib/thumb/v7-m/nofp/libc_nano.a(libc_a-init.o)
                              /opt/ST/STM32CubeCLT_1.19.0/GNU-tools-for-STM32/bin/../lib/gcc/arm-none-eabi/13.3.1/../../../../arm-none-eabi/lib/thumb/v7-m/nofp/crt0.o (__libc_init_array)
/opt/ST/STM32CubeCLT_1.19.0/GNU-tools-for-STM32/bin/../lib/gcc/arm-none-eabi/13.3.1/../../../../arm-none-eabi/lib/thumb/v7-m/nofp/libc_nano.a(libc_a-lock.o)
                              /opt/ST/STM32CubeCLT_1.19.0/GNU-tools-for-STM32/bin/../lib/gcc/arm-none-eabi/13.3.1/../../../../arm-none-eabi/lib/thumb/v7-m/nofp/libc_nano.a(libc_a-findfp.o) (__retarget_lock_init_recursive)
/opt/ST/STM32CubeCLT_1.19.0/GNU-tools-for-STM32/bin/../lib/gcc/arm-none-eabi/13.3.1/../../../../arm-none-eabi/lib/thumb/v7-m/nofp/libc_nano.a(libc_a-impure.o)
                              /opt/ST/STM32CubeCLT_1.19.0/GNU-tools-for-STM32/bin/../lib/gcc/arm-none-eabi/13.3.1/../../../../arm-none-eabi/lib/thumb/v7-m/nofp/libc_nano.a(libc_a-sprintf.o) (_impure_ptr)
/opt/ST/STM32CubeCLT_1.19.0/GNU-tools-for-STM32/bin/../lib/gcc/arm-none-eabi/13.3.1/../../../../arm-none-eabi/lib/thumb/v7-m/nofp/libc_nano.a(libc_a-memcpy-stub.o)
                              build/ssd1306.o (memcpy)
/opt/ST/STM32CubeCLT_1.19.0/GNU-tools-for-STM32/bin/../lib/gcc/arm-none-eabi/13.3.1/../../../../arm-none-eabi/lib/thumb/v7-m/nofp/libc_nano.a(libc_a-strlen.o)
                              build/main.o (strlen)
/opt/ST/STM32CubeCLT_1.19.0/GNU-tools-for-STM32/bin/../lib/gcc/arm-none-eabi/13.3.1/../../../../arm-none-eabi/lib/thumb/v7-m/nofp/libc_nano.a(libc_a-nano-svfprintf.o)
                              /opt/ST/STM32CubeCLT_1.19.0/GNU-tools-for-STM32/bin/../lib/gcc/arm-none-eabi/13.3.1/../../../../arm-none-eabi/lib/thumb/v7-m/nofp/libc_nano.a(libc_a-sprintf.o) (_svfprintf_r)
/opt/ST/STM32CubeCLT_1.19.0/GNU-tools-for-STM32/bin/../lib/gcc/arm-none-eabi/13.3.1/../../../../arm-none-eabi/lib/thumb/v7-m/nofp/libc_nano.a(libc_a-mallocr.o)
                              /opt/ST/STM32CubeCLT_1.19.0/GNU-tools-for-STM32/bin/../lib/gcc/arm-none-eabi/13.3.1/../../../../arm-none-eabi/lib/thumb/v7-m/nofp/libc_nano.a(libc_a-findfp.o) (_malloc_r)
/opt/ST/STM32CubeCLT_1.19.0/GNU-tools-for-STM32/bin/../lib/gcc/arm-none-eabi/13.3.1/../../../../arm-none-eabi/lib/thumb/v7-m/nofp/libc_nano.a(libc_a-nano-vfprintf_i.o)
[...]
Memory Configuration

Name             Origin             Length             Attributes
RAM              0x20000000         0x00005000         xrw
FLASH            0x08000000         0x00010000         xr
*default*        0x00000000         0xffffffff

Linker script and memory map

LOAD /opt/ST/STM32CubeCLT_1.19.0/GNU-tools-for-STM32/bin/../lib/gcc/arm-none-eabi/13.3.1/thumb/v7-m/nofp/crti.o
LOAD /opt/ST/STM32CubeCLT_1.19.0/GNU-tools-for-STM32/bin/../lib/gcc/arm-none-eabi/13.3.1/thumb/v7-m/nofp/crtbegin.o
LOAD /opt/ST/STM32CubeCLT_1.19.0/GNU-tools-for-STM32/bin/../lib/gcc/arm-none-eabi/13.3.1/../../../../arm-none-eabi/lib/thumb/v7-m/nofp/crt0.o
LOAD build/main.o
LOAD build/stm32f1xx_it.o
LOAD build/stm32f1xx_hal_msp.o
LOAD build/stm32f1xx_hal_gpio_ex.o
LOAD build/stm32f1xx_hal.o
LOAD build/stm32f1xx_hal_rcc.o
LOAD build/stm32f1xx_hal_rcc_ex.o
LOAD build/stm32f1xx_hal_gpio.o
LOAD build/stm32f1xx_hal_dma.o
LOAD build/stm32f1xx_hal_cortex.o
LOAD build/stm32f1xx_hal_pwr.o
LOAD build/stm32f1xx_hal_flash.o
LOAD build/stm32f1xx_hal_flash_ex.o
LOAD build/stm32f1xx_hal_exti.o
LOAD build/stm32f1xx_hal_i2c.o
LOAD build/system_stm32f1xx.o
LOAD build/sysmem.o
LOAD build/syscalls.o
LOAD build/led.o
LOAD build/button.o
LOAD build/ir_sensor.o
LOAD build/timer.o
LOAD build/i2c.o
LOAD build/ssd1306_fonts.o
LOAD build/ssd1306.o
LOAD build/tasks.o
LOAD build/queue.o
LOAD build/list.o
LOAD build/port.o
LOAD build/heap_2.o
LOAD build/app.o
LOAD build/startup_stm32f103xb.o
LOAD /opt/ST/STM32CubeCLT_1.19.0/GNU-tools-for-STM32/bin/../lib/gcc/arm-none-eabi/13.3.1/../../../../arm-none-eabi/lib/thumb/v7-m/nofp/libc_nano.a
LOAD /opt/ST/STM32CubeCLT_1.19.0/GNU-tools-for-STM32/bin/../lib/gcc/arm-none-eabi/13.3.1/../../../../arm-none-eabi/lib/thumb/v7-m/nofp/libm.a
LOAD /opt/ST/STM32CubeCLT_1.19.0/GNU-tools-for-STM32/bin/../lib/gcc/arm-none-eabi/13.3.1/../../../../arm-none-eabi/lib/thumb/v7-m/nofp/libnosys.a
START GROUP
LOAD /opt/ST/STM32CubeCLT_1.19.0/GNU-tools-for-STM32/bin/../lib/gcc/arm-none-eabi/13.3.1/thumb/v7-m/nofp/libgcc.a
LOAD /opt/ST/STM32CubeCLT_1.19.0/GNU-tools-for-STM32/bin/../lib/gcc/arm-none-eabi/13.3.1/../../../../arm-none-eabi/lib/thumb/v7-m/nofp/libc_nano.a
END GROUP
START GROUP
LOAD /opt/ST/STM32CubeCLT_1.19.0/GNU-tools-for-STM32/bin/../lib/gcc/arm-none-eabi/13.3.1/thumb/v7-m/nofp/libgcc.a
LOAD /opt/ST/STM32CubeCLT_1.19.0/GNU-tools-for-STM32/bin/../lib/gcc/arm-none-eabi/13.3.1/../../../../arm-none-eabi/lib/thumb/v7-m/nofp/libc_nano.a
END GROUP
LOAD /opt/ST/STM32CubeCLT_1.19.0/GNU-tools-for-STM32/bin/../lib/gcc/arm-none-eabi/13.3.1/thumb/v7-m/nofp/crtend.o
LOAD /opt/ST/STM32CubeCLT_1.19.0/GNU-tools-for-STM32/bin/../lib/gcc/arm-none-eabi/13.3.1/thumb/v7-m/nofp/crtn.o
                0x20005000                        _estack = (ORIGIN (RAM) + LENGTH (RAM))
                0x00000200                        _Min_Heap_Size = 0x200
                0x00000400                        _Min_Stack_Size = 0x400

.isr_vector     0x08000000      0x10c
                0x08000000                        . = ALIGN (0x4)
 *(.isr_vector)
 .isr_vector    0x08000000      0x10c build/startup_stm32f103xb.o
                0x08000000                g_pfnVectors
                0x0800010c                        . = ALIGN (0x4)

.text           0x0800010c     0x2244
                0x0800010c                        . = ALIGN (0x4)
 *(.text)
 .text          0x0800010c       0x40 /opt/ST/STM32CubeCLT_1.19.0/GNU-tools-for-STM32/bin/../lib/gcc/arm-none-eabi/13.3.1/thumb/v7-m/nofp/crtbegin.o
 .text          0x0800014c       0x10 /opt/ST/STM32CubeCLT_1.19.0/GNU-tools-for-STM32/bin/../lib/gcc/arm-none-eabi/13.3.1/../../../../arm-none-eabi/lib/thumb/v7-m/nofp/libc_nano.a(libc_a-strlen.o)
                0x0800014c                strlen
 *(.text*)
 .text.HAL_GPIO_EXTI_Callback
                0x0800015c        0xc build/main.o
                0x0800015c                HAL_GPIO_EXTI_Callback
 .text.display_minimal_rpm
                0x08000168       0xb0 build/main.o
                0x08000168                display_minimal_rpm
 .text.Error_Handler
                0x08000218        0x4 build/main.o
                0x08000218                Error_Handler
 .text.SystemClock_Config
                0x0800021c       0x52 build/main.o
                0x0800021c                SystemClock_Config
 .text.main     0x0800026e       0x26 build/main.o
                0x0800026e                main
 .text.NMI_Handler
                0x08000294        0x2 build/stm32f1xx_it.o
                0x08000294                NMI_Handler
 .text.HardFault_Handler
                0x08000296        0x2 build/stm32f1xx_it.o
                0x08000296                HardFault_Handler
 .text.MemManage_Handler
                0x08000298        0x2 build/stm32f1xx_it.o
                0x08000298                MemManage_Handler
 .text.BusFault_Handler
                0x0800029a        0x2 build/stm32f1xx_it.o
                0x0800029a                BusFault_Handler
 .text.UsageFault_Handler
                0x0800029c        0x2 build/stm32f1xx_it.o
                0x0800029c                UsageFault_Handler
 .text.SVC_Handler
                0x0800029e        0x2 build/stm32f1xx_it.o
                0x0800029e                SVC_Handler
 .text.DebugMon_Handler
                0x080002a0        0x2 build/stm32f1xx_it.o
                0x080002a0                DebugMon_Handler
 .text.PendSV_Handler
                0x080002a2        0x2 build/stm32f1xx_it.o
                0x080002a2                PendSV_Handler
 .text.SysTick_Handler
                0x080002a4        0x8 build/stm32f1xx_it.o
                0x080002a4                SysTick_Handler
 .text.EXTI0_IRQHandler
                0x080002ac        0xa build/stm32f1xx_it.o
                0x080002ac                EXTI0_IRQHandler
 .text.EXTI1_IRQHandler
                0x080002b6        0xa build/stm32f1xx_it.o
                0x080002b6                EXTI1_IRQHandler
 .text.HAL_MspInit
                0x080002c0       0x44 build/stm32f1xx_hal_msp.o
                0x080002c0                HAL_MspInit
 .text.HAL_InitTick
                0x08000304       0x4c build/stm32f1xx_hal.o
                0x08000304                HAL_InitTick
 .text.HAL_Init
                0x08000350       0x24 build/stm32f1xx_hal.o
                0x08000350                HAL_Init
 .text.HAL_IncTick
                0x08000374       0x18 build/stm32f1xx_hal.o
                0x08000374                HAL_IncTick
 .text.HAL_GetTick
                0x0800038c        0xc build/stm32f1xx_hal.o
                0x0800038c                HAL_GetTick
 .text.HAL_Delay
                0x08000398       0x28 build/stm32f1xx_hal.o
                0x08000398                HAL_Delay
 .text.RCC_Delay
                0x080003c0       0x2c build/stm32f1xx_hal_rcc.o
 .text.HAL_RCC_OscConfig
                0x080003ec      0x410 build/stm32f1xx_hal_rcc.o
                0x080003ec                HAL_RCC_OscConfig
 .text.HAL_RCC_GetSysClockFreq
                0x080007fc       0x54 build/stm32f1xx_hal_rcc.o
                0x080007fc                HAL_RCC_GetSysClockFreq
 .text.HAL_RCC_ClockConfig
                0x08000850      0x16c build/stm32f1xx_hal_rcc.o
                0x08000850                HAL_RCC_ClockConfig
 .text.HAL_RCC_GetHCLKFreq
                0x080009bc        0xc build/stm32f1xx_hal_rcc.o
                0x080009bc                HAL_RCC_GetHCLKFreq
 .text.HAL_RCC_GetPCLK1Freq
                0x080009c8       0x20 build/stm32f1xx_hal_rcc.o
                0x080009c8                HAL_RCC_GetPCLK1Freq
 .text.HAL_GPIO_Init
                0x080009e8      0x21c build/stm32f1xx_hal_gpio.o
                0x080009e8                HAL_GPIO_Init
 .text.HAL_GPIO_EXTI_IRQHandler
                0x08000c04       0x1c build/stm32f1xx_hal_gpio.o
                0x08000c04                HAL_GPIO_EXTI_IRQHandler
 .text.__NVIC_SetPriority
                0x08000c20       0x28 build/stm32f1xx_hal_cortex.o
 .text.NVIC_EncodePriority
                0x08000c48       0x3e build/stm32f1xx_hal_cortex.o
 *fill*         0x08000c86        0x2 
 .text.HAL_NVIC_SetPriorityGrouping
                0x08000c88       0x24 build/stm32f1xx_hal_cortex.o
                0x08000c88                HAL_NVIC_SetPriorityGrouping
 .text.HAL_NVIC_SetPriority
                0x08000cac       0x20 build/stm32f1xx_hal_cortex.o
                0x08000cac                HAL_NVIC_SetPriority
 .text.HAL_NVIC_EnableIRQ
                0x08000ccc       0x1c build/stm32f1xx_hal_cortex.o
                0x08000ccc                HAL_NVIC_EnableIRQ
 .text.HAL_SYSTICK_Config
                0x08000ce8       0x28 build/stm32f1xx_hal_cortex.o
                0x08000ce8                HAL_SYSTICK_Config
 .text.I2C_IsAcknowledgeFailed
                0x08000d10       0x32 build/stm32f1xx_hal_i2c.o
 .text.I2C_WaitOnFlagUntilTimeout
                0x08000d42       0xaa build/stm32f1xx_hal_i2c.o
 .text.I2C_WaitOnMasterAddressFlagUntilTimeout
                0x08000dec       0xd6 build/stm32f1xx_hal_i2c.o
 .text.I2C_WaitOnTXEFlagUntilTimeout
                0x08000ec2       0x5e build/stm32f1xx_hal_i2c.o
 .text.I2C_RequestMemoryWrite
                0x08000f20       0xd8 build/stm32f1xx_hal_i2c.o
 .text.I2C_WaitOnBTFFlagUntilTimeout
                0x08000ff8       0x5e build/stm32f1xx_hal_i2c.o
 .text.HAL_I2C_MspInit
                0x08001056        0x2 build/stm32f1xx_hal_i2c.o
                0x08001056                HAL_I2C_MspInit
 .text.HAL_I2C_Init
                0x08001058      0x1bc build/stm32f1xx_hal_i2c.o
                0x08001058                HAL_I2C_Init
 .text.HAL_I2C_Mem_Write
                0x08001214      0x164 build/stm32f1xx_hal_i2c.o
                0x08001214                HAL_I2C_Mem_Write
 .text.SystemInit
                0x08001378        0x2 build/system_stm32f1xx.o
                0x08001378                SystemInit
 *fill*         0x0800137a        0x2 
 .text._sbrk    0x0800137c       0x48 build/sysmem.o
                0x0800137c                _sbrk
 .text.led_gpio_init
                0x080013c4       0x3c build/led.o
                0x080013c4                led_gpio_init
 .text.button_gpio_init
                0x08001400       0x48 build/button.o
                0x08001400                button_gpio_init
 .text.ir_gpio_init
                0x08001448       0x2c build/ir_sensor.o
                0x08001448                ir_gpio_init
 .text.i2c_gpio_init
                0x08001474       0x3c build/i2c.o
                0x08001474                i2c_gpio_init
 .text.i2c_init
                0x080014b0       0x4c build/i2c.o
                0x080014b0                i2c_init
 .text.ssd1306_WriteCommand
                0x080014fc       0x2c build/ssd1306.o
                0x080014fc                ssd1306_WriteCommand
 .text.ssd1306_WriteData
                0x08001528       0x28 build/ssd1306.o
                0x08001528                ssd1306_WriteData
 .text.ssd1306_Fill
                0x08001550       0x1c build/ssd1306.o
                0x08001550                ssd1306_Fill
 .text.ssd1306_UpdateScreen
                0x0800156c       0x38 build/ssd1306.o
                0x0800156c                ssd1306_UpdateScreen
 .text.ssd1306_DrawPixel
                0x080015a4       0x4c build/ssd1306.o
                0x080015a4                ssd1306_DrawPixel
 .text.ssd1306_WriteChar
                0x080015f0       0xc0 build/ssd1306.o
                0x080015f0                ssd1306_WriteChar
 .text.ssd1306_WriteString
                0x080016b0       0x30 build/ssd1306.o
                0x080016b0                ssd1306_WriteString
 .text.ssd1306_SetCursor
                0x080016e0        0xc build/ssd1306.o
                0x080016e0                ssd1306_SetCursor
 .text.ssd1306_Line
                0x080016ec       0x8e build/ssd1306.o
                0x080016ec                ssd1306_Line
 .text.ssd1306_SetContrast
                0x0800177a       0x12 build/ssd1306.o
                0x0800177a                ssd1306_SetContrast
 .text.ssd1306_SetDisplayOn
                0x0800178c       0x20 build/ssd1306.o
                0x0800178c                ssd1306_SetDisplayOn
 .text.ssd1306_Init
                0x080017ac       0xc8 build/ssd1306.o
                0x080017ac                ssd1306_Init
 .text.app_run  0x08001874       0x60 build/app.o
                0x08001874                app_run
 .text.Reset_Handler
                0x080018d4       0x48 build/startup_stm32f103xb.o
                0x080018d4                Reset_Handler
 .text.Default_Handler
                0x0800191c        0x2 build/startup_stm32f103xb.o
                0x0800191c                USBWakeUp_IRQHandler
                0x0800191c                EXTI2_IRQHandler
                0x0800191c                TIM1_CC_IRQHandler
                0x0800191c                PVD_IRQHandler
                0x0800191c                EXTI3_IRQHandler
                0x0800191c                I2C2_EV_IRQHandler
                0x0800191c                ADC1_2_IRQHandler
                0x0800191c                SPI1_IRQHandler
                0x0800191c                TAMPER_IRQHandler
                0x0800191c                DMA1_Channel4_IRQHandler
                0x0800191c                USART3_IRQHandler
                0x0800191c                RTC_IRQHandler
                0x0800191c                DMA1_Channel7_IRQHandler
                0x0800191c                CAN1_RX1_IRQHandler
                0x0800191c                TIM4_IRQHandler
                0x0800191c                I2C1_EV_IRQHandler
                0x0800191c                DMA1_Channel6_IRQHandler
                0x0800191c                TIM3_IRQHandler
                0x0800191c                RCC_IRQHandler
                0x0800191c                TIM1_TRG_COM_IRQHandler
                0x0800191c                DMA1_Channel1_IRQHandler
                0x0800191c                Default_Handler
                0x0800191c                EXTI15_10_IRQHandler
                0x0800191c                EXTI9_5_IRQHandler
                0x0800191c                SPI2_IRQHandler
                0x0800191c                DMA1_Channel5_IRQHandler
                0x0800191c                EXTI4_IRQHandler
                0x0800191c                USB_LP_CAN1_RX0_IRQHandler
                0x0800191c                USB_HP_CAN1_TX_IRQHandler
                0x0800191c                DMA1_Channel3_IRQHandler
                0x0800191c                TIM1_UP_IRQHandler
                0x0800191c                WWDG_IRQHandler
                0x0800191c                TIM2_IRQHandler
                0x0800191c                TIM1_BRK_IRQHandler
                0x0800191c                USART2_IRQHandler
                0x0800191c                I2C2_ER_IRQHandler
                0x0800191c                DMA1_Channel2_IRQHandler
                0x0800191c                CAN1_SCE_IRQHandler
                0x0800191c                FLASH_IRQHandler
                0x0800191c                USART1_IRQHandler
                0x0800191c                I2C1_ER_IRQHandler
                0x0800191c                RTC_Alarm_IRQHandler
 .text.__itoa   0x0800191e       0x30 /opt/ST/STM32CubeCLT_1.19.0/GNU-tools-for-STM32/bin/../lib/gcc/arm-none-eabi/13.3.1/../../../../arm-none-eabi/lib/thumb/v7-m/nofp/libc_nano.a(libc_a-itoa.o)
                0x0800191e                __itoa
 .text.itoa     0x0800194e        0x4 /opt/ST/STM32CubeCLT_1.19.0/GNU-tools-for-STM32/bin/../lib/gcc/arm-none-eabi/13.3.1/../../../../arm-none-eabi/lib/thumb/v7-m/nofp/libc_nano.a(libc_a-itoa.o)
                0x0800194e                itoa
 *fill*         0x08001952        0x2 
 .text.sprintf  0x08001954       0x44 /opt/ST/STM32CubeCLT_1.19.0/GNU-tools-for-STM32/bin/../lib/gcc/arm-none-eabi/13.3.1/../../../../arm-none-eabi/lib/thumb/v7-m/nofp/libc_nano.a(libc_a-sprintf.o)
                0x08001954                sprintf
                0x08001954                siprintf
 .text.__utoa   0x08001998       0x84 /opt/ST/STM32CubeCLT_1.19.0/GNU-tools-for-STM32/bin/../lib/gcc/arm-none-eabi/13.3.1/../../../../arm-none-eabi/lib/thumb/v7-m/nofp/libc_nano.a(libc_a-utoa.o)
                0x08001998                __utoa
 .text.memset   0x08001a1c       0x10 /opt/ST/STM32CubeCLT_1.19.0/GNU-tools-for-STM32/bin/../lib/gcc/arm-none-eabi/13.3.1/../../../../arm-none-eabi/lib/thumb/v7-m/nofp/libc_nano.a(libc_a-memset.o)
                0x08001a1c                memset
 .text.__errno  0x08001a2c        0xc /opt/ST/STM32CubeCLT_1.19.0/GNU-tools-for-STM32/bin/../lib/gcc/arm-none-eabi/13.3.1/../../../../arm-none-eabi/lib/thumb/v7-m/nofp/libc_nano.a(libc_a-errno.o)
                0x08001a2c                __errno
 .text.__libc_init_array
                0x08001a38       0x48 /opt/ST/STM32CubeCLT_1.19.0/GNU-tools-for-STM32/bin/../lib/gcc/arm-none-eabi/13.3.1/../../../../arm-none-eabi/lib/thumb/v7-m/nofp/libc_nano.a(libc_a-init.o)
                0x08001a38                __libc_init_array
 .text.__retarget_lock_acquire_recursive
                0x08001a80        0x2 /opt/ST/STM32CubeCLT_1.19.0/GNU-tools-for-STM32/bin/../lib/gcc/arm-none-eabi/13.3.1/../../../../arm-none-eabi/lib/thumb/v7-m/nofp/libc_nano.a(libc_a-lock.o)
                0x08001a80                __retarget_lock_acquire_recursive
 .text.__retarget_lock_release_recursive
                0x08001a82        0x2 /opt/ST/STM32CubeCLT_1.19.0/GNU-tools-for-STM32/bin/../lib/gcc/arm-none-eabi/13.3.1/../../../../arm-none-eabi/lib/thumb/v7-m/nofp/libc_nano.a(libc_a-lock.o)
                0x08001a82                __retarget_lock_release_recursive
 .text.memcpy   0x08001a84       0x1c /opt/ST/STM32CubeCLT_1.19.0/GNU-tools-for-STM32/bin/../lib/gcc/arm-none-eabi/13.3.1/../../../../arm-none-eabi/lib/thumb/v7-m/nofp/libc_nano.a(libc_a-memcpy-stub.o)
                0x08001a84                memcpy
 .text.__ssputs_r
                0x08001aa0       0xb6 /opt/ST/STM32CubeCLT_1.19.0/GNU-tools-for-STM32/bin/../lib/gcc/arm-none-eabi/13.3.1/../../../../arm-none-eabi/lib/thumb/v7-m/nofp/libc_nano.a(libc_a-nano-svfprintf.o)
                0x08001aa0                __ssputs_r
 *fill*         0x08001b56        0x2 
 .text._svfprintf_r
                0x08001b58      0x1f8 /opt/ST/STM32CubeCLT_1.19.0/GNU-tools-for-STM32/bin/../lib/gcc/arm-none-eabi/13.3.1/../../../../arm-none-eabi/lib/thumb/v7-m/nofp/libc_nano.a(libc_a-nano-svfprintf.o)
                0x08001b58                _svfprintf_r
                0x08001b58                _svfiprintf_r
 .text.sbrk_aligned
                0x08001d50       0x44 /opt/ST/STM32CubeCLT_1.19.0/GNU-tools-for-STM32/bin/../lib/gcc/arm-none-eabi/13.3.1/../../../../arm-none-eabi/lib/thumb/v7-m/nofp/libc_nano.a(libc_a-mallocr.o)
 .text._malloc_r
                0x08001d94      0x100 /opt/ST/STM32CubeCLT_1.19.0/GNU-tools-for-STM32/bin/../lib/gcc/arm-none-eabi/13.3.1/../../../../arm-none-eabi/lib/thumb/v7-m/nofp/libc_nano.a(libc_a-mallocr.o)
                0x08001d94                _malloc_r
 .text._printf_common
                0x08001e94       0xe4 /opt/ST/STM32CubeCLT_1.19.0/GNU-tools-for-STM32/bin/../lib/gcc/arm-none-eabi/13.3.1/../../../../arm-none-eabi/lib/thumb/v7-m/nofp/libc_nano.a(libc_a-nano-vfprintf_i.o)
                0x08001e94                _printf_common
 .text._printf_i
                0x08001f78      0x23c /opt/ST/STM32CubeCLT_1.19.0/GNU-tools-for-STM32/bin/../lib/gcc/arm-none-eabi/13.3.1/../../../../arm-none-eabi/lib/thumb/v7-m/nofp/libc_nano.a(libc_a-nano-vfprintf_i.o)
                0x08001f78                _printf_i
 .text.__malloc_lock
                0x080021b4        0xc /opt/ST/STM32CubeCLT_1.19.0/GNU-tools-for-STM32/bin/../lib/gcc/arm-none-eabi/13.3.1/../../../../arm-none-eabi/lib/thumb/v7-m/nofp/libc_nano.a(libc_a-mlock.o)
                0x080021b4                __malloc_lock
 .text.__malloc_unlock
                0x080021c0        0xc /opt/ST/STM32CubeCLT_1.19.0/GNU-tools-for-STM32/bin/../lib/gcc/arm-none-eabi/13.3.1/../../../../arm-none-eabi/lib/thumb/v7-m/nofp/libc_nano.a(libc_a-mlock.o)
                0x080021c0                __malloc_unlock
 .text._realloc_r
                0x080021cc       0x5c /opt/ST/STM32CubeCLT_1.19.0/GNU-tools-for-STM32/bin/../lib/gcc/arm-none-eabi/13.3.1/../../../../arm-none-eabi/lib/thumb/v7-m/nofp/libc_nano.a(libc_a-reallocr.o)
                0x080021cc                _realloc_r
 .text.memmove  0x08002228       0x34 /opt/ST/STM32CubeCLT_1.19.0/GNU-tools-for-STM32/bin/../lib/gcc/arm-none-eabi/13.3.1/../../../../arm-none-eabi/lib/thumb/v7-m/nofp/libc_nano.a(libc_a-memmove.o)
                0x08002228                memmove
 .text._sbrk_r  0x0800225c       0x20 /opt/ST/STM32CubeCLT_1.19.0/GNU-tools-for-STM32/bin/../lib/gcc/arm-none-eabi/13.3.1/../../../../arm-none-eabi/lib/thumb/v7-m/nofp/libc_nano.a(libc_a-sbrkr.o)
                0x0800225c                _sbrk_r
 .text.memchr   0x0800227c       0x1c /opt/ST/STM32CubeCLT_1.19.0/GNU-tools-for-STM32/bin/../lib/gcc/arm-none-eabi/13.3.1/../../../../arm-none-eabi/lib/thumb/v7-m/nofp/libc_nano.a(libc_a-memchr-stub.o)
                0x0800227c                memchr
 .text._free_r  0x08002298       0x90 /opt/ST/STM32CubeCLT_1.19.0/GNU-tools-for-STM32/bin/../lib/gcc/arm-none-eabi/13.3.1/../../../../arm-none-eabi/lib/thumb/v7-m/nofp/libc_nano.a(libc_a-freer.o)
                0x08002298                _free_r
 .text._malloc_usable_size_r
                0x08002328       0x10 /opt/ST/STM32CubeCLT_1.19.0/GNU-tools-for-STM32/bin/../lib/gcc/arm-none-eabi/13.3.1/../../../../arm-none-eabi/lib/thumb/v7-m/nofp/libc_nano.a(libc_a-msizer.o)
                0x08002328                _malloc_usable_size_r
 *(.glue_7)
 .glue_7        0x08002338        0x0 linker stubs
 *(.glue_7t)
 .glue_7t       0x08002338        0x0 linker stubs
 *(.eh_frame)
 .eh_frame      0x08002338        0x0 /opt/ST/STM32CubeCLT_1.19.0/GNU-tools-for-STM32/bin/../lib/gcc/arm-none-eabi/13.3.1/thumb/v7-m/nofp/crtbegin.o
 *(.init)
 .init          0x08002338        0x4 /opt/ST/STM32CubeCLT_1.19.0/GNU-tools-for-STM32/bin/../lib/gcc/arm-none-eabi/13.3.1/thumb/v7-m/nofp/crti.o
                0x08002338                _init
 .init          0x0800233c        0x8 /opt/ST/STM32CubeCLT_1.19.0/GNU-tools-for-STM32/bin/../lib/gcc/arm-none-eabi/13.3.1/thumb/v7-m/nofp/crtn.o
 *(.fini)
 .fini          0x08002344        0x4 /opt/ST/STM32CubeCLT_1.19.0/GNU-tools-for-STM32/bin/../lib/gcc/arm-none-eabi/13.3.1/thumb/v7-m/nofp/crti.o
                0x08002344                _fini
 .fini          0x08002348        0x8 /opt/ST/STM32CubeCLT_1.19.0/GNU-tools-for-STM32/bin/../lib/gcc/arm-none-eabi/13.3.1/thumb/v7-m/nofp/crtn.o
                0x08002350                        . = ALIGN (0x4)
                0x08002350                        _etext = .

.vfp11_veneer   0x08002350        0x0
 .vfp11_veneer  0x08002350        0x0 linker stubs

.v4_bx          0x08002350        0x0
 .v4_bx         0x08002350        0x0 linker stubs

.iplt           0x08002350        0x0
 .iplt          0x08002350        0x0 /opt/ST/STM32CubeCLT_1.19.0/GNU-tools-for-STM32/bin/../lib/gcc/arm-none-eabi/13.3.1/thumb/v7-m/nofp/crtbegin.o

.rodata         0x08002350     0x274c
                0x08002350                        . = ALIGN (0x4)
 *(.rodata)
 *(.rodata*)
 .rodata.display_digital_with_bar.str1.4
                0x08002350        0xa build/main.o
                                  0x4 (size before relaxing)
 .rodata.display_minimal_rpm.str1.4
                0x0800235a        0x6 build/main.o
 *fill*         0x0800235a        0x2 
 .rodata.aPredivFactorTable.0
                0x0800235c        0x2 build/stm32f1xx_hal_rcc.o
 *fill*         0x0800235e        0x2 
 .rodata.aPLLMULFactorTable.1
                0x08002360       0x10 build/stm32f1xx_hal_rcc.o
 .rodata.APBPrescTable
                0x08002370        0x8 build/system_stm32f1xx.o
                0x08002370                APBPrescTable
 .rodata.AHBPrescTable
                0x08002378       0x10 build/system_stm32f1xx.o
                0x08002378                AHBPrescTable
 .rodata.Font_16x26
                0x08002388        0xc build/ssd1306_fonts.o
                0x08002388                Font_16x26
 .rodata.Font_11x18
                0x08002394        0xc build/ssd1306_fonts.o
                0x08002394                Font_11x18
 .rodata.Font_6x8
                0x080023a0        0xc build/ssd1306_fonts.o
                0x080023a0                Font_6x8
 .rodata.Font6x8
                0x080023ac      0x5f0 build/ssd1306_fonts.o
 .rodata.Font16x26
                0x0800299c     0x134c build/ssd1306_fonts.o
 .rodata.Font11x18
                0x08003ce8      0xd5c build/ssd1306_fonts.o
 .rodata.__utoa.str1.1
                0x08004a44       0x58 /opt/ST/STM32CubeCLT_1.19.0/GNU-tools-for-STM32/bin/../lib/gcc/arm-none-eabi/13.3.1/../../../../arm-none-eabi/lib/thumb/v7-m/nofp/libc_nano.a(libc_a-utoa.o)
                                 0x25 (size before relaxing)
 .rodata._svfprintf_r.str1.1
                0x08004a9c       0x11 /opt/ST/STM32CubeCLT_1.19.0/GNU-tools-for-STM32/bin/../lib/gcc/arm-none-eabi/13.3.1/../../../../arm-none-eabi/lib/thumb/v7-m/nofp/libc_nano.a(libc_a-nano-svfprintf.o)
 .rodata._printf_i.str1.1
                0x08004a9c       0x22 /opt/ST/STM32CubeCLT_1.19.0/GNU-tools-for-STM32/bin/../lib/gcc/arm-none-eabi/13.3.1/../../../../arm-none-eabi/lib/thumb/v7-m/nofp/libc_nano.a(libc_a-nano-vfprintf_i.o)
                0x08004ac0                        . = ALIGN (0x4)

.ARM.extab      0x08004a9c        0x0
                0x08004a9c                        . = ALIGN (0x4)
 *(.ARM.extab* .gnu.linkonce.armextab.*)
                0x08004a9c                        . = ALIGN (0x4)

.ARM            0x08004a9c        0x8
                0x08004a9c                        . = ALIGN (0x4)
                0x08004a9c                        __exidx_start = .
 *(.ARM.exidx*)
 .ARM.exidx     0x08004a9c        0x8 /opt/ST/STM32CubeCLT_1.19.0/GNU-tools-for-STM32/bin/../lib/gcc/arm-none-eabi/13.3.1/../../../../arm-none-eabi/lib/thumb/v7-m/nofp/libc_nano.a(libc_a-strlen.o)
                0x08004aa4                        __exidx_end = .
                0x08004aa4                        . = ALIGN (0x4)

.preinit_array  0x08004aa4        0x0
                0x08004aa4                        . = ALIGN (0x4)
                0x08004aa4                        PROVIDE (__preinit_array_start = .)
 *(.preinit_array*)
                0x08004aa4                        PROVIDE (__preinit_array_end = .)
                0x08004aa4                        . = ALIGN (0x4)

.init_array     0x08004aa4        0x4
                0x08004aa4                        . = ALIGN (0x4)
                0x08004aa4                        PROVIDE (__init_array_start = .)
 *(SORT_BY_NAME(.init_array.*))
 *(.init_array*)
 .init_array    0x08004aa4        0x4 /opt/ST/STM32CubeCLT_1.19.0/GNU-tools-for-STM32/bin/../lib/gcc/arm-none-eabi/13.3.1/thumb/v7-m/nofp/crtbegin.o
                0x08004aa8                        PROVIDE (__init_array_end = .)
                0x08004aa8                        . = ALIGN (0x4)

.fini_array     0x08004aa8        0x4
                0x08004aa8                        . = ALIGN (0x4)
                [!provide]                        PROVIDE (__fini_array_start = .)
 *(SORT_BY_NAME(.fini_array.*))
 *(.fini_array*)
 .fini_array    0x08004aa8        0x4 /opt/ST/STM32CubeCLT_1.19.0/GNU-tools-for-STM32/bin/../lib/gcc/arm-none-eabi/13.3.1/thumb/v7-m/nofp/crtbegin.o
                [!provide]                        PROVIDE (__fini_array_end = .)
                0x08004aac                        . = ALIGN (0x4)
                0x08004aac                        _sidata = LOADADDR (.data)

.rel.dyn        0x08004aac        0x0
 .rel.iplt      0x08004aac        0x0 /opt/ST/STM32CubeCLT_1.19.0/GNU-tools-for-STM32/bin/../lib/gcc/arm-none-eabi/13.3.1/thumb/v7-m/nofp/crtbegin.o

.data           0x20000000       0x5c load address 0x08004aac
                0x20000000                        . = ALIGN (0x4)
                0x20000000                        _sdata = .
 *(.data)
 *(.data*)
 .data.uwTickFreq
                0x20000000        0x1 build/stm32f1xx_hal.o
                0x20000000                uwTickFreq
 *fill*         0x20000001        0x3 
 .data.uwTickPrio
                0x20000004        0x4 build/stm32f1xx_hal.o
                0x20000004                uwTickPrio
 .data.SystemCoreClock
                0x20000008        0x4 build/system_stm32f1xx.o
                0x20000008                SystemCoreClock
 .data._impure_ptr
                0x2000000c        0x4 /opt/ST/STM32CubeCLT_1.19.0/GNU-tools-for-STM32/bin/../lib/gcc/arm-none-eabi/13.3.1/../../../../arm-none-eabi/lib/thumb/v7-m/nofp/libc_nano.a(libc_a-impure.o)
                0x2000000c                _impure_ptr
 .data._impure_data
                0x20000010       0x4c /opt/ST/STM32CubeCLT_1.19.0/GNU-tools-for-STM32/bin/../lib/gcc/arm-none-eabi/13.3.1/../../../../arm-none-eabi/lib/thumb/v7-m/nofp/libc_nano.a(libc_a-impure.o)
                0x20000010                _impure_data
 *(.RamFunc)
 *(.RamFunc*)
                0x2000005c                        . = ALIGN (0x4)
                0x2000005c                        _edata = .

.igot.plt       0x2000005c        0x0 load address 0x08004b08
 .igot.plt      0x2000005c        0x0 /opt/ST/STM32CubeCLT_1.19.0/GNU-tools-for-STM32/bin/../lib/gcc/arm-none-eabi/13.3.1/thumb/v7-m/nofp/crtbegin.o
                0x2000005c                        . = ALIGN (0x4)

.bss            0x2000005c      0x5d8 load address 0x08004b08
                0x2000005c                        _sbss = .
                0x2000005c                        __bss_start__ = _sbss
 *(.bss)
 .bss           0x2000005c       0x1c /opt/ST/STM32CubeCLT_1.19.0/GNU-tools-for-STM32/bin/../lib/gcc/arm-none-eabi/13.3.1/thumb/v7-m/nofp/crtbegin.o
 *(.bss*)
 .bss.uwTick    0x20000078        0x4 build/stm32f1xx_hal.o
                0x20000078                uwTick
 .bss.__sbrk_heap_end
                0x2000007c        0x4 build/sysmem.o
 .bss.ir_detect_flag
                0x20000080        0x1 build/ir_sensor.o
                0x20000080                ir_detect_flag
 *fill*         0x20000081        0x3 
 .bss.ir_count  0x20000084        0x4 build/ir_sensor.o
                0x20000084                ir_count
 .bss.hi2c1     0x20000088       0x54 build/i2c.o
                0x20000088                hi2c1
 .bss.SSD1306   0x200000dc        0x6 build/ssd1306.o
 *fill*         0x200000e2        0x2 
 .bss.SSD1306_Buffer
                0x200000e4      0x400 build/ssd1306.o
 .bss.rpm       0x200004e4        0x4 build/app.o
                0x200004e4                rpm
 .bss.tmr       0x200004e8        0x4 build/app.o
                0x200004e8                tmr
 .bss.__sf      0x200004ec      0x138 /opt/ST/STM32CubeCLT_1.19.0/GNU-tools-for-STM32/bin/../lib/gcc/arm-none-eabi/13.3.1/../../../../arm-none-eabi/lib/thumb/v7-m/nofp/libc_nano.a(libc_a-findfp.o)
                0x200004ec                __sf
 .bss.__lock___malloc_recursive_mutex
                0x20000624        0x1 /opt/ST/STM32CubeCLT_1.19.0/GNU-tools-for-STM32/bin/../lib/gcc/arm-none-eabi/13.3.1/../../../../arm-none-eabi/lib/thumb/v7-m/nofp/libc_nano.a(libc_a-lock.o)
                0x20000624                __lock___malloc_recursive_mutex
 *fill*         0x20000625        0x3 
 .bss.__malloc_sbrk_start
                0x20000628        0x4 /opt/ST/STM32CubeCLT_1.19.0/GNU-tools-for-STM32/bin/../lib/gcc/arm-none-eabi/13.3.1/../../../../arm-none-eabi/lib/thumb/v7-m/nofp/libc_nano.a(libc_a-mallocr.o)
                0x20000628                __malloc_sbrk_start
 .bss.__malloc_free_list
                0x2000062c        0x4 /opt/ST/STM32CubeCLT_1.19.0/GNU-tools-for-STM32/bin/../lib/gcc/arm-none-eabi/13.3.1/../../../../arm-none-eabi/lib/thumb/v7-m/nofp/libc_nano.a(libc_a-mallocr.o)
                0x2000062c                __malloc_free_list
 .bss.errno     0x20000630        0x4 /opt/ST/STM32CubeCLT_1.19.0/GNU-tools-for-STM32/bin/../lib/gcc/arm-none-eabi/13.3.1/../../../../arm-none-eabi/lib/thumb/v7-m/nofp/libc_nano.a(libc_a-reent.o)
                0x20000630                errno
 *(COMMON)
                0x20000634                        . = ALIGN (0x4)
                0x20000634                        _ebss = .
                0x20000634                        __bss_end__ = _ebss

._user_heap_stack
                0x20000634      0x604 load address 0x08004b08
                0x20000638                        . = ALIGN (0x8)
 *fill*         0x20000634        0x4 
                [!provide]                        PROVIDE (end = .)
                0x20000638                        PROVIDE (_end = .)
                0x20000838                        . = (. + _Min_Heap_Size)
 *fill*         0x20000638      0x200 
                0x20000c38                        . = (. + _Min_Stack_Size)
 *fill*         0x20000838      0x400 
                0x20000c38                        . = ALIGN (0x8)

/DISCARD/
 libc.a(*)
 libm.a(*)
 libgcc.a(*)
OUTPUT(build/tachometer.elf elf32-littlearm)
LOAD linker stubs
LOAD /opt/ST/STM32CubeCLT_1.19.0/GNU-tools-for-STM32/bin/../lib/gcc/arm-none-eabi/13.3.1/../../../../arm-none-eabi/lib/thumb/v7-m/nofp/libc.a
LOAD /opt/ST/STM32CubeCLT_1.19.0/GNU-tools-for-STM32/bin/../lib/gcc/arm-none-eabi/13.3.1/../../../../arm-none-eabi/lib/thumb/v7-m/nofp/libm.a
LOAD /opt/ST/STM32CubeCLT_1.19.0/GNU-tools-for-STM32/bin/../lib/gcc/arm-none-eabi/13.3.1/thumb/v7-m/nofp/libgcc.a

.ARM.attributes
                0x00000000       0x29
 .ARM.attributes
                0x00000000       0x1d /opt/ST/STM32CubeCLT_1.19.0/GNU-tools-for-STM32/bin/../lib/gcc/arm-none-eabi/13.3.1/thumb/v7-m/nofp/crti.o
 .ARM.attributes
                0x0000001d       0x2d /opt/ST/STM32CubeCLT_1.19.0/GNU-tools-for-STM32/bin/../lib/gcc/arm-none-eabi/13.3.1/thumb/v7-m/nofp/crtbegin.o
 .ARM.attributes
                0x0000004a       0x2d build/main.o
 .ARM.attributes
                0x00000077       0x2d build/stm32f1xx_it.o
 .ARM.attributes
                0x000000a4       0x2d build/stm32f1xx_hal_msp.o
 .ARM.attributes
                0x000000d1       0x2d build/stm32f1xx_hal.o
 .ARM.attributes
                0x000000fe       0x2d build/stm32f1xx_hal_rcc.o
 .ARM.attributes
                0x0000012b       0x2d build/stm32f1xx_hal_gpio.o
 .ARM.attributes
                0x00000158       0x2d build/stm32f1xx_hal_cortex.o
 .ARM.attributes
                0x00000185       0x2d build/stm32f1xx_hal_i2c.o
 .ARM.attributes
                0x000001b2       0x2d build/system_stm32f1xx.o
 .ARM.attributes
                0x000001df       0x2d build/sysmem.o
 .ARM.attributes
                0x0000020c       0x2d build/led.o
 .ARM.attributes
                0x00000239       0x2d build/button.o
 .ARM.attributes
                0x00000266       0x2d build/ir_sensor.o
 .ARM.attributes
                0x00000293       0x2d build/i2c.o
 .ARM.attributes
                0x000002c0       0x2d build/ssd1306_fonts.o
 .ARM.attributes
                0x000002ed       0x2d build/ssd1306.o
 .ARM.attributes
                0x0000031a       0x2d build/app.o
 .ARM.attributes
                0x00000347       0x21 build/startup_stm32f103xb.o
 .ARM.attributes
                0x00000368       0x2d /opt/ST/STM32CubeCLT_1.19.0/GNU-tools-for-STM32/bin/../lib/gcc/arm-none-eabi/13.3.1/../../../../arm-none-eabi/lib/thumb/v7-m/nofp/libc_nano.a(libc_a-itoa.o)
 .ARM.attributes
                0x00000395       0x2d /opt/ST/STM32CubeCLT_1.19.0/GNU-tools-for-STM32/bin/../lib/gcc/arm-none-eabi/13.3.1/../../../../arm-none-eabi/lib/thumb/v7-m/nofp/libc_nano.a(libc_a-sprintf.o)
 .ARM.attributes
                0x000003c2       0x2d /opt/ST/STM32CubeCLT_1.19.0/GNU-tools-for-STM32/bin/../lib/gcc/arm-none-eabi/13.3.1/../../../../arm-none-eabi/lib/thumb/v7-m/nofp/libc_nano.a(libc_a-findfp.o)
 .ARM.attributes
                0x000003ef       0x2d /opt/ST/STM32CubeCLT_1.19.0/GNU-tools-for-STM32/bin/../lib/gcc/arm-none-eabi/13.3.1/../../../../arm-none-eabi/lib/thumb/v7-m/nofp/libc_nano.a(libc_a-utoa.o)
 .ARM.attributes
                0x0000041c       0x2d /opt/ST/STM32CubeCLT_1.19.0/GNU-tools-for-STM32/bin/../lib/gcc/arm-none-eabi/13.3.1/../../../../arm-none-eabi/lib/thumb/v7-m/nofp/libc_nano.a(libc_a-memset.o)
 .ARM.attributes
                0x00000449       0x2d /opt/ST/STM32CubeCLT_1.19.0/GNU-tools-for-STM32/bin/../lib/gcc/arm-none-eabi/13.3.1/../../../../arm-none-eabi/lib/thumb/v7-m/nofp/libc_nano.a(libc_a-errno.o)
 .ARM.attributes
                0x00000476       0x2d /opt/ST/STM32CubeCLT_1.19.0/GNU-tools-for-STM32/bin/../lib/gcc/arm-none-eabi/13.3.1/../../../../arm-none-eabi/lib/thumb/v7-m/nofp/libc_nano.a(libc_a-init.o)
 .ARM.attributes
                0x000004a3       0x2d /opt/ST/STM32CubeCLT_1.19.0/GNU-tools-for-STM32/bin/../lib/gcc/arm-none-eabi/13.3.1/../../../../arm-none-eabi/lib/thumb/v7-m/nofp/libc_nano.a(libc_a-lock.o)
 .ARM.attributes
                0x000004d0       0x2d /opt/ST/STM32CubeCLT_1.19.0/GNU-tools-for-STM32/bin/../lib/gcc/arm-none-eabi/13.3.1/../../../../arm-none-eabi/lib/thumb/v7-m/nofp/libc_nano.a(libc_a-impure.o)
 .ARM.attributes
                0x000004fd       0x2d /opt/ST/STM32CubeCLT_1.19.0/GNU-tools-for-STM32/bin/../lib/gcc/arm-none-eabi/13.3.1/../../../../arm-none-eabi/lib/thumb/v7-m/nofp/libc_nano.a(libc_a-memcpy-stub.o)
 .ARM.attributes
                0x0000052a       0x17 /opt/ST/STM32CubeCLT_1.19.0/GNU-tools-for-STM32/bin/../lib/gcc/arm-none-eabi/13.3.1/../../../../arm-none-eabi/lib/thumb/v7-m/nofp/libc_nano.a(libc_a-strlen.o)
 .ARM.attributes
                0x00000541       0x2d /opt/ST/STM32CubeCLT_1.19.0/GNU-tools-for-STM32/bin/../lib/gcc/arm-none-eabi/13.3.1/../../../../arm-none-eabi/lib/thumb/v7-m/nofp/libc_nano.a(libc_a-nano-svfprintf.o)
 .ARM.attributes
                0x0000056e       0x2d /opt/ST/STM32CubeCLT_1.19.0/GNU-tools-for-STM32/bin/../lib/gcc/arm-none-eabi/13.3.1/../../../../arm-none-eabi/lib/thumb/v7-m/nofp/libc_nano.a(libc_a-mallocr.o)
 .ARM.attributes
                0x0000059b       0x2d /opt/ST/STM32CubeCLT_1.19.0/GNU-tools-for-STM32/bin/../lib/gcc/arm-none-eabi/13.3.1/../../../../arm-none-eabi/lib/thumb/v7-m/nofp/libc_nano.a(libc_a-nano-vfprintf_i.o)
 .ARM.attributes
                0x000005c8       0x2d /opt/ST/STM32CubeCLT_1.19.0/GNU-tools-for-STM32/bin/../lib/gcc/arm-none-eabi/13.3.1/../../../../arm-none-eabi/lib/thumb/v7-m/nofp/libc_nano.a(libc_a-mlock.o)
 .ARM.attributes
                0x000005f5       0x2d /opt/ST/STM32CubeCLT_1.19.0/GNU-tools-for-STM32/bin/../lib/gcc/arm-none-eabi/13.3.1/../../../../arm-none-eabi/lib/thumb/v7-m/nofp/libc_nano.a(libc_a-reallocr.o)
 .ARM.attributes
                0x00000622       0x2d /opt/ST/STM32CubeCLT_1.19.0/GNU-tools-for-STM32/bin/../lib/gcc/arm-none-eabi/13.3.1/../../../../arm-none-eabi/lib/thumb/v7-m/nofp/libc_nano.a(libc_a-memmove.o)
 .ARM.attributes
                0x0000064f       0x2d /opt/ST/STM32CubeCLT_1.19.0/GNU-tools-for-STM32/bin/../lib/gcc/arm-none-eabi/13.3.1/../../../../arm-none-eabi/lib/thumb/v7-m/nofp/libc_nano.a(libc_a-sbrkr.o)
 .ARM.attributes
                0x0000067c       0x2d /opt/ST/STM32CubeCLT_1.19.0/GNU-tools-for-STM32/bin/../lib/gcc/arm-none-eabi/13.3.1/../../../../arm-none-eabi/lib/thumb/v7-m/nofp/libc_nano.a(libc_a-reent.o)
 .ARM.attributes
                0x000006a9       0x2d /opt/ST/STM32CubeCLT_1.19.0/GNU-tools-for-STM32/bin/../lib/gcc/arm-none-eabi/13.3.1/../../../../arm-none-eabi/lib/thumb/v7-m/nofp/libc_nano.a(libc_a-memchr-stub.o)
 .ARM.attributes
                0x000006d6       0x2d /opt/ST/STM32CubeCLT_1.19.0/GNU-tools-for-STM32/bin/../lib/gcc/arm-none-eabi/13.3.1/../../../../arm-none-eabi/lib/thumb/v7-m/nofp/libc_nano.a(libc_a-freer.o)
 .ARM.attributes
                0x00000703       0x2d /opt/ST/STM32CubeCLT_1.19.0/GNU-tools-for-STM32/bin/../lib/gcc/arm-none-eabi/13.3.1/../../../../arm-none-eabi/lib/thumb/v7-m/nofp/libc_nano.a(libc_a-msizer.o)
 .ARM.attributes
                0x00000730       0x1d /opt/ST/STM32CubeCLT_1.19.0/GNU-tools-for-STM32/bin/../lib/gcc/arm-none-eabi/13.3.1/thumb/v7-m/nofp/crtn.o

.comment        0x00000000       0x43
 .comment       0x00000000       0x43 build/main.o
                                 0x44 (size before relaxing)
 .comment       0x00000043       0x44 build/stm32f1xx_it.o
 .comment       0x00000043       0x44 build/stm32f1xx_hal_msp.o
 .comment       0x00000043       0x44 build/stm32f1xx_hal.o
 .comment       0x00000043       0x44 build/stm32f1xx_hal_rcc.o
 .comment       0x00000043       0x44 build/stm32f1xx_hal_gpio.o
 .comment       0x00000043       0x44 build/stm32f1xx_hal_cortex.o
 .comment       0x00000043       0x44 build/stm32f1xx_hal_i2c.o
 .comment       0x00000043       0x44 build/system_stm32f1xx.o
 .comment       0x00000043       0x44 build/sysmem.o
 .comment       0x00000043       0x44 build/led.o
 .comment       0x00000043       0x44 build/button.o
 .comment       0x00000043       0x44 build/ir_sensor.o
 .comment       0x00000043       0x44 build/i2c.o
 .comment       0x00000043       0x44 build/ssd1306_fonts.o
 .comment       0x00000043       0x44 build/ssd1306.o
 .comment       0x00000043       0x44 build/app.o

.debug_info     0x00000000     0xb5aa
 .debug_info    0x00000000      0xebf build/main.o
 .debug_info    0x00000ebf      0x1f7 build/stm32f1xx_it.o
 .debug_info    0x000010b6      0x24d build/stm32f1xx_hal_msp.o
 .debug_info    0x00001303      0x880 build/stm32f1xx_hal.o
 .debug_info    0x00001b83      0xb10 build/stm32f1xx_hal_rcc.o
 .debug_info    0x00002693      0x6d7 build/stm32f1xx_hal_gpio.o
 .debug_info    0x00002d6a      0xe3f build/stm32f1xx_hal_cortex.o
 .debug_info    0x00003ba9     0x3d27 build/stm32f1xx_hal_i2c.o
 .debug_info    0x000078d0      0x26e build/system_stm32f1xx.o
 .debug_info    0x00007b3e      0x18c build/sysmem.o
 .debug_info    0x00007cca      0x2d5 build/led.o
 .debug_info    0x00007f9f      0x4ca build/button.o
 .debug_info    0x00008469      0x3e2 build/ir_sensor.o
 .debug_info    0x0000884b      0x912 build/i2c.o
 .debug_info    0x0000915d      0x2db build/ssd1306_fonts.o
 .debug_info    0x00009438     0x1fd0 build/ssd1306.o
 .debug_info    0x0000b408      0x172 build/app.o
 .debug_info    0x0000b57a       0x30 build/startup_stm32f103xb.o

.debug_abbrev   0x00000000     0x20bb
 .debug_abbrev  0x00000000      0x32b build/main.o
 .debug_abbrev  0x0000032b       0xc2 build/stm32f1xx_it.o
 .debug_abbrev  0x000003ed       0xe7 build/stm32f1xx_hal_msp.o
 .debug_abbrev  0x000004d4      0x232 build/stm32f1xx_hal.o
 .debug_abbrev  0x00000706      0x2d6 build/stm32f1xx_hal_rcc.o
 .debug_abbrev  0x000009dc      0x222 build/stm32f1xx_hal_gpio.o
 .debug_abbrev  0x00000bfe      0x3aa build/stm32f1xx_hal_cortex.o
 .debug_abbrev  0x00000fa8      0x31e build/stm32f1xx_hal_i2c.o
 .debug_abbrev  0x000012c6      0x140 build/system_stm32f1xx.o
 .debug_abbrev  0x00001406       0xeb build/sysmem.o
 .debug_abbrev  0x000014f1      0x125 build/led.o
 .debug_abbrev  0x00001616      0x19f build/button.o
 .debug_abbrev  0x000017b5      0x196 build/ir_sensor.o
 .debug_abbrev  0x0000194b      0x1c4 build/i2c.o
 .debug_abbrev  0x00001b0f       0xc4 build/ssd1306_fonts.o
 .debug_abbrev  0x00001bd3      0x3e0 build/ssd1306.o
 .debug_abbrev  0x00001fb3       0xeb build/app.o
 .debug_abbrev  0x0000209e       0x1d build/startup_stm32f103xb.o

.debug_loc      0x00000000     0x8eea
 .debug_loc     0x00000000      0x338 build/main.o
 .debug_loc     0x00000338       0x60 build/stm32f1xx_it.o
 .debug_loc     0x00000398       0x41 build/stm32f1xx_hal_msp.o
 .debug_loc     0x000003d9      0x1f9 build/stm32f1xx_hal.o
 .debug_loc     0x000005d2      0x7c6 build/stm32f1xx_hal_rcc.o
 .debug_loc     0x00000d98      0x56c build/stm32f1xx_hal_gpio.o
 .debug_loc     0x00001304      0x8b4 build/stm32f1xx_hal_cortex.o
 .debug_loc     0x00001bb8     0x54d3 build/stm32f1xx_hal_i2c.o
 .debug_loc     0x0000708b      0x11b build/system_stm32f1xx.o
 .debug_loc     0x000071a6       0x90 build/sysmem.o
 .debug_loc     0x00007236       0x38 build/led.o
 .debug_loc     0x0000726e       0x58 build/button.o
 .debug_loc     0x000072c6       0x38 build/ir_sensor.o
 .debug_loc     0x000072fe       0x70 build/i2c.o
 .debug_loc     0x0000736e     0x1b5c build/ssd1306.o
 .debug_loc     0x00008eca       0x20 build/app.o

.debug_aranges  0x00000000      0x830
 .debug_aranges
                0x00000000       0x50 build/main.o
 .debug_aranges
                0x00000050       0x70 build/stm32f1xx_it.o
 .debug_aranges
                0x000000c0       0x20 build/stm32f1xx_hal_msp.o
 .debug_aranges
                0x000000e0       0xe0 build/stm32f1xx_hal.o
 .debug_aranges
                0x000001c0       0x90 build/stm32f1xx_hal_rcc.o
 .debug_aranges
                0x00000250       0x58 build/stm32f1xx_hal_gpio.o
 .debug_aranges
                0x000002a8       0xc0 build/stm32f1xx_hal_cortex.o
 .debug_aranges
                0x00000368      0x2a8 build/stm32f1xx_hal_i2c.o
 .debug_aranges
                0x00000610       0x28 build/system_stm32f1xx.o
 .debug_aranges
                0x00000638       0x20 build/sysmem.o
 .debug_aranges
                0x00000658       0x20 build/led.o
 .debug_aranges
                0x00000678       0x28 build/button.o
 .debug_aranges
                0x000006a0       0x20 build/ir_sensor.o
 .debug_aranges
                0x000006c0       0x28 build/i2c.o
 .debug_aranges
                0x000006e8       0x18 build/ssd1306_fonts.o
 .debug_aranges
                0x00000700       0xe8 build/ssd1306.o
 .debug_aranges
                0x000007e8       0x20 build/app.o
 .debug_aranges
                0x00000808       0x28 build/startup_stm32f103xb.o

.debug_ranges   0x00000000      0x7f0
 .debug_ranges  0x00000000       0x58 build/main.o
 .debug_ranges  0x00000058       0x60 build/stm32f1xx_it.o
 .debug_ranges  0x000000b8       0x10 build/stm32f1xx_hal_msp.o
 .debug_ranges  0x000000c8       0xd0 build/stm32f1xx_hal.o
 .debug_ranges  0x00000198       0xa0 build/stm32f1xx_hal_rcc.o
 .debug_ranges  0x00000238       0x48 build/stm32f1xx_hal_gpio.o
 .debug_ranges  0x00000280       0xb0 build/stm32f1xx_hal_cortex.o
 .debug_ranges  0x00000330      0x2b0 build/stm32f1xx_hal_i2c.o
 .debug_ranges  0x000005e0       0x18 build/system_stm32f1xx.o
 .debug_ranges  0x000005f8       0x10 build/sysmem.o
 .debug_ranges  0x00000608       0x10 build/led.o
 .debug_ranges  0x00000618       0x18 build/button.o
 .debug_ranges  0x00000630       0x10 build/ir_sensor.o
 .debug_ranges  0x00000640       0x18 build/i2c.o
 .debug_ranges  0x00000658      0x168 build/ssd1306.o
 .debug_ranges  0x000007c0       0x10 build/app.o
 .debug_ranges  0x000007d0       0x20 build/startup_stm32f103xb.o

.debug_line     0x00000000     0x9989
 .debug_line    0x00000000      0x59d build/main.o
 .debug_line    0x0000059d      0x240 build/stm32f1xx_it.o
 .debug_line    0x000007dd      0x15a build/stm32f1xx_hal_msp.o
 .debug_line    0x00000937      0x50c build/stm32f1xx_hal.o
 .debug_line    0x00000e43      0xc88 build/stm32f1xx_hal_rcc.o
 .debug_line    0x00001acb      0x5ae build/stm32f1xx_hal_gpio.o
 .debug_line    0x00002079      0x685 build/stm32f1xx_hal_cortex.o
 .debug_line    0x000026fe     0x5626 build/stm32f1xx_hal_i2c.o
 .debug_line    0x00007d24      0x223 build/system_stm32f1xx.o
 .debug_line    0x00007f47      0x1bd build/sysmem.o
 .debug_line    0x00008104      0x191 build/led.o
 .debug_line    0x00008295      0x1d2 build/button.o
 .debug_line    0x00008467      0x1ce build/ir_sensor.o
 .debug_line    0x00008635      0x232 build/i2c.o
 .debug_line    0x00008867      0x116 build/ssd1306_fonts.o
 .debug_line    0x0000897d      0xdc0 build/ssd1306.o
 .debug_line    0x0000973d      0x1db build/app.o
 .debug_line    0x00009918       0x71 build/startup_stm32f103xb.o

.debug_str      0x00000000     0x26e8
 .debug_str     0x00000000     0x26e8 build/main.o
                                0x718 (size before relaxing)
 .debug_str     0x000026e8      0x25f build/stm32f1xx_it.o
 .debug_str     0x000026e8      0x207 build/stm32f1xx_hal_msp.o
 .debug_str     0x000026e8      0x804 build/stm32f1xx_hal.o
 .debug_str     0x000026e8      0x601 build/stm32f1xx_hal_rcc.o
 .debug_str     0x000026e8      0x3d6 build/stm32f1xx_hal_gpio.o
 .debug_str     0x000026e8      0x8a9 build/stm32f1xx_hal_cortex.o
 .debug_str     0x000026e8      0xf9b build/stm32f1xx_hal_i2c.o
 .debug_str     0x000026e8      0x22a build/system_stm32f1xx.o
 .debug_str     0x000026e8      0x1ee build/sysmem.o
 .debug_str     0x000026e8      0x237 build/led.o
 .debug_str     0x000026e8      0x576 build/button.o
 .debug_str     0x000026e8      0x525 build/ir_sensor.o
 .debug_str     0x000026e8      0x6ee build/i2c.o
 .debug_str     0x000026e8      0x22b build/ssd1306_fonts.o
 .debug_str     0x000026e8      0xb11 build/ssd1306.o
 .debug_str     0x000026e8      0x1c5 build/app.o
 .debug_str     0x000026e8       0x61 build/startup_stm32f103xb.o

.debug_frame    0x00000000     0x1c30
 .debug_frame   0x00000000       0xdc build/main.o
 .debug_frame   0x000000dc       0xd8 build/stm32f1xx_it.o
 .debug_frame   0x000001b4       0x28 build/stm32f1xx_hal_msp.o
 .debug_frame   0x000001dc      0x1cc build/stm32f1xx_hal.o
 .debug_frame   0x000003a8      0x184 build/stm32f1xx_hal_rcc.o
 .debug_frame   0x0000052c       0xe4 build/stm32f1xx_hal_gpio.o
 .debug_frame   0x00000610      0x19c build/stm32f1xx_hal_cortex.o
 .debug_frame   0x000007ac      0x988 build/stm32f1xx_hal_i2c.o
 .debug_frame   0x00001134       0x30 build/system_stm32f1xx.o
 .debug_frame   0x00001164       0x28 build/sysmem.o
 .debug_frame   0x0000118c       0x2c build/led.o
 .debug_frame   0x000011b8       0x44 build/button.o
 .debug_frame   0x000011fc       0x2c build/ir_sensor.o
 .debug_frame   0x00001228       0x48 build/i2c.o
 .debug_frame   0x00001270      0x364 build/ssd1306.o
 .debug_frame   0x000015d4       0x28 build/app.o
 .debug_frame   0x000015fc       0x38 /opt/ST/STM32CubeCLT_1.19.0/GNU-tools-for-STM32/bin/../lib/gcc/arm-none-eabi/13.3.1/../../../../arm-none-eabi/lib/thumb/v7-m/nofp/libc_nano.a(libc_a-itoa.o)
 .debug_frame   0x00001634       0x74 /opt/ST/STM32CubeCLT_1.19.0/GNU-tools-for-STM32/bin/../lib/gcc/arm-none-eabi/13.3.1/../../../../arm-none-eabi/lib/thumb/v7-m/nofp/libc_nano.a(libc_a-sprintf.o)
 .debug_frame   0x000016a8      0x144 /opt/ST/STM32CubeCLT_1.19.0/GNU-tools-for-STM32/bin/../lib/gcc/arm-none-eabi/13.3.1/../../../../arm-none-eabi/lib/thumb/v7-m/nofp/libc_nano.a(libc_a-findfp.o)
 .debug_frame   0x000017ec       0x48 /opt/ST/STM32CubeCLT_1.19.0/GNU-tools-for-STM32/bin/../lib/gcc/arm-none-eabi/13.3.1/../../../../arm-none-eabi/lib/thumb/v7-m/nofp/libc_nano.a(libc_a-utoa.o)
 .debug_frame   0x00001834       0x20 /opt/ST/STM32CubeCLT_1.19.0/GNU-tools-for-STM32/bin/../lib/gcc/arm-none-eabi/13.3.1/../../../../arm-none-eabi/lib/thumb/v7-m/nofp/libc_nano.a(libc_a-memset.o)
 .debug_frame   0x00001854       0x20 /opt/ST/STM32CubeCLT_1.19.0/GNU-tools-for-STM32/bin/../lib/gcc/arm-none-eabi/13.3.1/../../../../arm-none-eabi/lib/thumb/v7-m/nofp/libc_nano.a(libc_a-errno.o)
 .debug_frame   0x00001874       0x2c /opt/ST/STM32CubeCLT_1.19.0/GNU-tools-for-STM32/bin/../lib/gcc/arm-none-eabi/13.3.1/../../../../arm-none-eabi/lib/thumb/v7-m/nofp/libc_nano.a(libc_a-init.o)
 .debug_frame   0x000018a0       0xb0 /opt/ST/STM32CubeCLT_1.19.0/GNU-tools-for-STM32/bin/../lib/gcc/arm-none-eabi/13.3.1/../../../../arm-none-eabi/lib/thumb/v7-m/nofp/libc_nano.a(libc_a-lock.o)
 .debug_frame   0x00001950       0x28 /opt/ST/STM32CubeCLT_1.19.0/GNU-tools-for-STM32/bin/../lib/gcc/arm-none-eabi/13.3.1/../../../../arm-none-eabi/lib/thumb/v7-m/nofp/libc_nano.a(libc_a-memcpy-stub.o)
 .debug_frame   0x00001978       0x90 /opt/ST/STM32CubeCLT_1.19.0/GNU-tools-for-STM32/bin/../lib/gcc/arm-none-eabi/13.3.1/../../../../arm-none-eabi/lib/thumb/v7-m/nofp/libc_nano.a(libc_a-nano-svfprintf.o)
 .debug_frame   0x00001a08       0x50 /opt/ST/STM32CubeCLT_1.19.0/GNU-tools-for-STM32/bin/../lib/gcc/arm-none-eabi/13.3.1/../../../../arm-none-eabi/lib/thumb/v7-m/nofp/libc_nano.a(libc_a-mallocr.o)
 .debug_frame   0x00001a58       0x60 /opt/ST/STM32CubeCLT_1.19.0/GNU-tools-for-STM32/bin/../lib/gcc/arm-none-eabi/13.3.1/../../../../arm-none-eabi/lib/thumb/v7-m/nofp/libc_nano.a(libc_a-nano-vfprintf_i.o)
 .debug_frame   0x00001ab8       0x30 /opt/ST/STM32CubeCLT_1.19.0/GNU-tools-for-STM32/bin/../lib/gcc/arm-none-eabi/13.3.1/../../../../arm-none-eabi/lib/thumb/v7-m/nofp/libc_nano.a(libc_a-mlock.o)
 .debug_frame   0x00001ae8       0x3c /opt/ST/STM32CubeCLT_1.19.0/GNU-tools-for-STM32/bin/../lib/gcc/arm-none-eabi/13.3.1/../../../../arm-none-eabi/lib/thumb/v7-m/nofp/libc_nano.a(libc_a-reallocr.o)
 .debug_frame   0x00001b24       0x28 /opt/ST/STM32CubeCLT_1.19.0/GNU-tools-for-STM32/bin/../lib/gcc/arm-none-eabi/13.3.1/../../../../arm-none-eabi/lib/thumb/v7-m/nofp/libc_nano.a(libc_a-memmove.o)
 .debug_frame   0x00001b4c       0x2c /opt/ST/STM32CubeCLT_1.19.0/GNU-tools-for-STM32/bin/../lib/gcc/arm-none-eabi/13.3.1/../../../../arm-none-eabi/lib/thumb/v7-m/nofp/libc_nano.a(libc_a-sbrkr.o)
 .debug_frame   0x00001b78       0x38 /opt/ST/STM32CubeCLT_1.19.0/GNU-tools-for-STM32/bin/../lib/gcc/arm-none-eabi/13.3.1/../../../../arm-none-eabi/lib/thumb/v7-m/nofp/libc_nano.a(libc_a-reent.o)
 .debug_frame   0x00001bb0       0x28 /opt/ST/STM32CubeCLT_1.19.0/GNU-tools-for-STM32/bin/../lib/gcc/arm-none-eabi/13.3.1/../../../../arm-none-eabi/lib/thumb/v7-m/nofp/libc_nano.a(libc_a-memchr-stub.o)
 .debug_frame   0x00001bd8       0x38 /opt/ST/STM32CubeCLT_1.19.0/GNU-tools-for-STM32/bin/../lib/gcc/arm-none-eabi/13.3.1/../../../../arm-none-eabi/lib/thumb/v7-m/nofp/libc_nano.a(libc_a-freer.o)
 .debug_frame   0x00001c10       0x20 /opt/ST/STM32CubeCLT_1.19.0/GNU-tools-for-STM32/bin/../lib/gcc/arm-none-eabi/13.3.1/../../../../arm-none-eabi/lib/thumb/v7-m/nofp/libc_nano.a(libc_a-msizer.o)

Cross Reference Table

Symbol                                            File
ADC1_2_IRQHandler                                 build/startup_stm32f103xb.o
AHBPrescTable                                     build/system_stm32f1xx.o
                                                  build/stm32f1xx_hal_rcc.o
APBPrescTable                                     build/system_stm32f1xx.o
                                                  build/stm32f1xx_hal_rcc.o
BusFault_Handler                                  build/stm32f1xx_it.o
CAN1_RX1_IRQHandler                               build/startup_stm32f103xb.o
CAN1_SCE_IRQHandler                               build/startup_stm32f103xb.o
DMA1_Channel1_IRQHandler                          build/startup_stm32f103xb.o
DMA1_Channel2_IRQHandler                          build/startup_stm32f103xb.o
DMA1_Channel3_IRQHandler                          build/startup_stm32f103xb.o
DMA1_Channel4_IRQHandler                          build/startup_stm32f103xb.o
DMA1_Channel5_IRQHandler                          build/startup_stm32f103xb.o
DMA1_Channel6_IRQHandler                          build/startup_stm32f103xb.o
DMA1_Channel7_IRQHandler                          build/startup_stm32f103xb.o
DebugMon_Handler                                  build/stm32f1xx_it.o
Default_Handler                                   build/startup_stm32f103xb.o
EXTI0_IRQHandler                                  build/stm32f1xx_it.o
EXTI15_10_IRQHandler                              build/startup_stm32f103xb.o
EXTI1_IRQHandler                                  build/stm32f1xx_it.o
EXTI2_IRQHandler                                  build/startup_stm32f103xb.o
EXTI3_IRQHandler                                  build/startup_stm32f103xb.o
EXTI4_IRQHandler                                  build/startup_stm32f103xb.o
EXTI9_5_IRQHandler                                build/startup_stm32f103xb.o
Error_Handler                                     build/main.o
FLASH_IRQHandler                                  build/startup_stm32f103xb.o
FLASH_PageErase                                   build/stm32f1xx_hal_flash_ex.o
                                                  build/stm32f1xx_hal_flash.o
FLASH_WaitForLastOperation                        build/stm32f1xx_hal_flash.o
                                                  build/stm32f1xx_hal_flash_ex.o
Font_11x18                                        build/ssd1306_fonts.o
                                                  build/main.o
Font_16x15                                        build/ssd1306_fonts.o
Font_16x24                                        build/ssd1306_fonts.o
Font_16x26                                        build/ssd1306_fonts.o
                                                  build/main.o
Font_6x8                                          build/ssd1306_fonts.o
                                                  build/main.o
Font_7x10                                         build/ssd1306_fonts.o
                                                  build/main.o
HAL_DBGMCU_DisableDBGSleepMode                    build/stm32f1xx_hal.o
HAL_DBGMCU_DisableDBGStandbyMode                  build/stm32f1xx_hal.o
HAL_DBGMCU_DisableDBGStopMode                     build/stm32f1xx_hal.o
HAL_DBGMCU_EnableDBGSleepMode                     build/stm32f1xx_hal.o
HAL_DBGMCU_EnableDBGStandbyMode                   build/stm32f1xx_hal.o
HAL_DBGMCU_EnableDBGStopMode                      build/stm32f1xx_hal.o
HAL_DMA_Abort                                     build/stm32f1xx_hal_dma.o
HAL_DMA_Abort_IT                                  build/stm32f1xx_hal_dma.o
                                                  build/stm32f1xx_hal_i2c.o
HAL_DMA_DeInit                                    build/stm32f1xx_hal_dma.o
HAL_DMA_GetError                                  build/stm32f1xx_hal_dma.o
HAL_DMA_GetState                                  build/stm32f1xx_hal_dma.o
                                                  build/stm32f1xx_hal_i2c.o
HAL_DMA_IRQHandler                                build/stm32f1xx_hal_dma.o
HAL_DMA_Init                                      build/stm32f1xx_hal_dma.o
HAL_DMA_PollForTransfer                           build/stm32f1xx_hal_dma.o
HAL_DMA_RegisterCallback                          build/stm32f1xx_hal_dma.o
HAL_DMA_Start                                     build/stm32f1xx_hal_dma.o
HAL_DMA_Start_IT                                  build/stm32f1xx_hal_dma.o
                                                  build/stm32f1xx_hal_i2c.o
HAL_DMA_UnRegisterCallback                        build/stm32f1xx_hal_dma.o
HAL_DeInit                                        build/stm32f1xx_hal.o
HAL_Delay                                         build/stm32f1xx_hal.o
                                                  build/ssd1306.o
HAL_EXTI_ClearConfigLine                          build/stm32f1xx_hal_exti.o
HAL_EXTI_ClearPending                             build/stm32f1xx_hal_exti.o
HAL_EXTI_GenerateSWI                              build/stm32f1xx_hal_exti.o
HAL_EXTI_GetConfigLine                            build/stm32f1xx_hal_exti.o
HAL_EXTI_GetHandle                                build/stm32f1xx_hal_exti.o
HAL_EXTI_GetPending                               build/stm32f1xx_hal_exti.o
HAL_EXTI_IRQHandler                               build/stm32f1xx_hal_exti.o
HAL_EXTI_RegisterCallback                         build/stm32f1xx_hal_exti.o
HAL_EXTI_SetConfigLine                            build/stm32f1xx_hal_exti.o
HAL_FLASHEx_Erase                                 build/stm32f1xx_hal_flash_ex.o
HAL_FLASHEx_Erase_IT                              build/stm32f1xx_hal_flash_ex.o
HAL_FLASHEx_OBErase                               build/stm32f1xx_hal_flash_ex.o
HAL_FLASHEx_OBGetConfig                           build/stm32f1xx_hal_flash_ex.o
HAL_FLASHEx_OBGetUserData                         build/stm32f1xx_hal_flash_ex.o
HAL_FLASHEx_OBProgram                             build/stm32f1xx_hal_flash_ex.o
HAL_FLASH_EndOfOperationCallback                  build/stm32f1xx_hal_flash.o
HAL_FLASH_GetError                                build/stm32f1xx_hal_flash.o
HAL_FLASH_IRQHandler                              build/stm32f1xx_hal_flash.o
HAL_FLASH_Lock                                    build/stm32f1xx_hal_flash.o
HAL_FLASH_OB_Launch                               build/stm32f1xx_hal_flash.o
HAL_FLASH_OB_Lock                                 build/stm32f1xx_hal_flash.o
HAL_FLASH_OB_Unlock                               build/stm32f1xx_hal_flash.o
HAL_FLASH_OperationErrorCallback                  build/stm32f1xx_hal_flash.o
HAL_FLASH_Program                                 build/stm32f1xx_hal_flash.o
HAL_FLASH_Program_IT                              build/stm32f1xx_hal_flash.o
HAL_FLASH_Unlock                                  build/stm32f1xx_hal_flash.o
HAL_GPIOEx_ConfigEventout                         build/stm32f1xx_hal_gpio_ex.o
HAL_GPIOEx_DisableEventout                        build/stm32f1xx_hal_gpio_ex.o
HAL_GPIOEx_EnableEventout                         build/stm32f1xx_hal_gpio_ex.o
HAL_GPIO_DeInit                                   build/stm32f1xx_hal_gpio.o
HAL_GPIO_EXTI_Callback                            build/main.o
HAL_GPIO_EXTI_IRQHandler                          build/stm32f1xx_hal_gpio.o
                                                  build/stm32f1xx_it.o
HAL_GPIO_Init                                     build/stm32f1xx_hal_gpio.o
                                                  build/i2c.o
                                                  build/ir_sensor.o
                                                  build/button.o
                                                  build/led.o
                                                  build/stm32f1xx_hal_rcc.o
HAL_GPIO_LockPin                                  build/stm32f1xx_hal_gpio.o
HAL_GPIO_ReadPin                                  build/stm32f1xx_hal_gpio.o
                                                  build/button.o
HAL_GPIO_TogglePin                                build/stm32f1xx_hal_gpio.o
HAL_GPIO_WritePin                                 build/stm32f1xx_hal_gpio.o
HAL_GetDEVID                                      build/stm32f1xx_hal.o
HAL_GetHalVersion                                 build/stm32f1xx_hal.o
HAL_GetREVID                                      build/stm32f1xx_hal.o
HAL_GetTick                                       build/stm32f1xx_hal.o
                                                  build/app.o
                                                  build/stm32f1xx_hal_i2c.o
                                                  build/stm32f1xx_hal_flash.o
                                                  build/stm32f1xx_hal_dma.o
                                                  build/stm32f1xx_hal_rcc_ex.o
                                                  build/stm32f1xx_hal_rcc.o
HAL_GetTickFreq                                   build/stm32f1xx_hal.o
HAL_GetTickPrio                                   build/stm32f1xx_hal.o
HAL_GetUIDw0                                      build/stm32f1xx_hal.o
HAL_GetUIDw1                                      build/stm32f1xx_hal.o
HAL_GetUIDw2                                      build/stm32f1xx_hal.o
HAL_I2C_AbortCpltCallback                         build/stm32f1xx_hal_i2c.o
HAL_I2C_AddrCallback                              build/stm32f1xx_hal_i2c.o
HAL_I2C_DeInit                                    build/stm32f1xx_hal_i2c.o
HAL_I2C_DisableListen_IT                          build/stm32f1xx_hal_i2c.o
HAL_I2C_ER_IRQHandler                             build/stm32f1xx_hal_i2c.o
HAL_I2C_EV_IRQHandler                             build/stm32f1xx_hal_i2c.o
HAL_I2C_EnableListen_IT                           build/stm32f1xx_hal_i2c.o
HAL_I2C_ErrorCallback                             build/stm32f1xx_hal_i2c.o
HAL_I2C_GetError                                  build/stm32f1xx_hal_i2c.o
HAL_I2C_GetMode                                   build/stm32f1xx_hal_i2c.o
HAL_I2C_GetState                                  build/stm32f1xx_hal_i2c.o
HAL_I2C_Init                                      build/stm32f1xx_hal_i2c.o
                                                  build/i2c.o
HAL_I2C_IsDeviceReady                             build/stm32f1xx_hal_i2c.o
HAL_I2C_ListenCpltCallback                        build/stm32f1xx_hal_i2c.o
HAL_I2C_MasterRxCpltCallback                      build/stm32f1xx_hal_i2c.o
HAL_I2C_MasterTxCpltCallback                      build/stm32f1xx_hal_i2c.o
HAL_I2C_Master_Abort_IT                           build/stm32f1xx_hal_i2c.o
HAL_I2C_Master_Receive                            build/stm32f1xx_hal_i2c.o
HAL_I2C_Master_Receive_DMA                        build/stm32f1xx_hal_i2c.o
HAL_I2C_Master_Receive_IT                         build/stm32f1xx_hal_i2c.o
HAL_I2C_Master_Seq_Receive_DMA                    build/stm32f1xx_hal_i2c.o
HAL_I2C_Master_Seq_Receive_IT                     build/stm32f1xx_hal_i2c.o
HAL_I2C_Master_Seq_Transmit_DMA                   build/stm32f1xx_hal_i2c.o
HAL_I2C_Master_Seq_Transmit_IT                    build/stm32f1xx_hal_i2c.o
HAL_I2C_Master_Transmit                           build/stm32f1xx_hal_i2c.o
HAL_I2C_Master_Transmit_DMA                       build/stm32f1xx_hal_i2c.o
HAL_I2C_Master_Transmit_IT                        build/stm32f1xx_hal_i2c.o
HAL_I2C_MemRxCpltCallback                         build/stm32f1xx_hal_i2c.o
HAL_I2C_MemTxCpltCallback                         build/stm32f1xx_hal_i2c.o
HAL_I2C_Mem_Read                                  build/stm32f1xx_hal_i2c.o
HAL_I2C_Mem_Read_DMA                              build/stm32f1xx_hal_i2c.o
HAL_I2C_Mem_Read_IT                               build/stm32f1xx_hal_i2c.o
HAL_I2C_Mem_Write                                 build/stm32f1xx_hal_i2c.o
                                                  build/ssd1306.o
HAL_I2C_Mem_Write_DMA                             build/stm32f1xx_hal_i2c.o
HAL_I2C_Mem_Write_IT                              build/stm32f1xx_hal_i2c.o
HAL_I2C_MspDeInit                                 build/stm32f1xx_hal_i2c.o
HAL_I2C_MspInit                                   build/stm32f1xx_hal_i2c.o
HAL_I2C_SlaveRxCpltCallback                       build/stm32f1xx_hal_i2c.o
HAL_I2C_SlaveTxCpltCallback                       build/stm32f1xx_hal_i2c.o
HAL_I2C_Slave_Receive                             build/stm32f1xx_hal_i2c.o
HAL_I2C_Slave_Receive_DMA                         build/stm32f1xx_hal_i2c.o
HAL_I2C_Slave_Receive_IT                          build/stm32f1xx_hal_i2c.o
HAL_I2C_Slave_Seq_Receive_DMA                     build/stm32f1xx_hal_i2c.o
HAL_I2C_Slave_Seq_Receive_IT                      build/stm32f1xx_hal_i2c.o
HAL_I2C_Slave_Seq_Transmit_DMA                    build/stm32f1xx_hal_i2c.o
HAL_I2C_Slave_Seq_Transmit_IT                     build/stm32f1xx_hal_i2c.o
HAL_I2C_Slave_Transmit                            build/stm32f1xx_hal_i2c.o
HAL_I2C_Slave_Transmit_DMA                        build/stm32f1xx_hal_i2c.o
HAL_I2C_Slave_Transmit_IT                         build/stm32f1xx_hal_i2c.o
HAL_IncTick                                       build/stm32f1xx_hal.o
                                                  build/stm32f1xx_it.o
HAL_Init                                          build/stm32f1xx_hal.o
                                                  build/main.o
HAL_InitTick                                      build/stm32f1xx_hal.o
                                                  build/stm32f1xx_hal_rcc.o
HAL_MspDeInit                                     build/stm32f1xx_hal.o
HAL_MspInit                                       build/stm32f1xx_hal_msp.o
HAL_NVIC_ClearPendingIRQ                          build/stm32f1xx_hal_cortex.o
HAL_NVIC_DisableIRQ                               build/stm32f1xx_hal_cortex.o
HAL_NVIC_EnableIRQ                                build/stm32f1xx_hal_cortex.o
                                                  build/ir_sensor.o
                                                  build/button.o
HAL_NVIC_GetActive                                build/stm32f1xx_hal_cortex.o
HAL_NVIC_GetPendingIRQ                            build/stm32f1xx_hal_cortex.o
HAL_NVIC_GetPriority                              build/stm32f1xx_hal_cortex.o
HAL_NVIC_GetPriorityGrouping                      build/stm32f1xx_hal_cortex.o
HAL_NVIC_SetPendingIRQ                            build/stm32f1xx_hal_cortex.o
HAL_NVIC_SetPriority                              build/stm32f1xx_hal_cortex.o
                                                  build/stm32f1xx_hal.o
HAL_NVIC_SetPriorityGrouping                      build/stm32f1xx_hal_cortex.o
                                                  build/stm32f1xx_hal.o
HAL_NVIC_SystemReset                              build/stm32f1xx_hal_cortex.o
                                                  build/stm32f1xx_hal_flash.o
HAL_PWR_ConfigPVD                                 build/stm32f1xx_hal_pwr.o
HAL_PWR_DeInit                                    build/stm32f1xx_hal_pwr.o
HAL_PWR_DisableBkUpAccess                         build/stm32f1xx_hal_pwr.o
HAL_PWR_DisablePVD                                build/stm32f1xx_hal_pwr.o
HAL_PWR_DisableSEVOnPend                          build/stm32f1xx_hal_pwr.o
HAL_PWR_DisableSleepOnExit                        build/stm32f1xx_hal_pwr.o
HAL_PWR_DisableWakeUpPin                          build/stm32f1xx_hal_pwr.o
HAL_PWR_EnableBkUpAccess                          build/stm32f1xx_hal_pwr.o
HAL_PWR_EnablePVD                                 build/stm32f1xx_hal_pwr.o
HAL_PWR_EnableSEVOnPend                           build/stm32f1xx_hal_pwr.o
HAL_PWR_EnableSleepOnExit                         build/stm32f1xx_hal_pwr.o
HAL_PWR_EnableWakeUpPin                           build/stm32f1xx_hal_pwr.o
HAL_PWR_EnterSLEEPMode                            build/stm32f1xx_hal_pwr.o
HAL_PWR_EnterSTANDBYMode                          build/stm32f1xx_hal_pwr.o
HAL_PWR_EnterSTOPMode                             build/stm32f1xx_hal_pwr.o
HAL_PWR_PVDCallback                               build/stm32f1xx_hal_pwr.o
HAL_PWR_PVD_IRQHandler                            build/stm32f1xx_hal_pwr.o
HAL_RCCEx_GetPeriphCLKConfig                      build/stm32f1xx_hal_rcc_ex.o
HAL_RCCEx_GetPeriphCLKFreq                        build/stm32f1xx_hal_rcc_ex.o
HAL_RCCEx_PeriphCLKConfig                         build/stm32f1xx_hal_rcc_ex.o
HAL_RCC_CSSCallback                               build/stm32f1xx_hal_rcc.o
HAL_RCC_ClockConfig                               build/stm32f1xx_hal_rcc.o
                                                  build/main.o
HAL_RCC_DeInit                                    build/stm32f1xx_hal_rcc.o
HAL_RCC_DisableCSS                                build/stm32f1xx_hal_rcc.o
HAL_RCC_EnableCSS                                 build/stm32f1xx_hal_rcc.o
HAL_RCC_GetClockConfig                            build/stm32f1xx_hal_rcc.o
HAL_RCC_GetHCLKFreq                               build/stm32f1xx_hal_rcc.o
HAL_RCC_GetOscConfig                              build/stm32f1xx_hal_rcc.o
HAL_RCC_GetPCLK1Freq                              build/stm32f1xx_hal_rcc.o
                                                  build/stm32f1xx_hal_i2c.o
HAL_RCC_GetPCLK2Freq                              build/stm32f1xx_hal_rcc.o
                                                  build/stm32f1xx_hal_rcc_ex.o
HAL_RCC_GetSysClockFreq                           build/stm32f1xx_hal_rcc.o
HAL_RCC_MCOConfig                                 build/stm32f1xx_hal_rcc.o
HAL_RCC_NMI_IRQHandler                            build/stm32f1xx_hal_rcc.o
HAL_RCC_OscConfig                                 build/stm32f1xx_hal_rcc.o
                                                  build/main.o
HAL_ResumeTick                                    build/stm32f1xx_hal.o
HAL_SYSTICK_CLKSourceConfig                       build/stm32f1xx_hal_cortex.o
HAL_SYSTICK_Callback                              build/stm32f1xx_hal_cortex.o
HAL_SYSTICK_Config                                build/stm32f1xx_hal_cortex.o
                                                  build/stm32f1xx_hal.o
HAL_SYSTICK_IRQHandler                            build/stm32f1xx_hal_cortex.o
HAL_SetTickFreq                                   build/stm32f1xx_hal.o
HAL_SuspendTick                                   build/stm32f1xx_hal.o
HardFault_Handler                                 build/stm32f1xx_it.o
I2C1_ER_IRQHandler                                build/startup_stm32f103xb.o
I2C1_EV_IRQHandler                                build/startup_stm32f103xb.o
I2C2_ER_IRQHandler                                build/startup_stm32f103xb.o
I2C2_EV_IRQHandler                                build/startup_stm32f103xb.o
MemManage_Handler                                 build/stm32f1xx_it.o
NMI_Handler                                       build/stm32f1xx_it.o
PVD_IRQHandler                                    build/startup_stm32f103xb.o
PendSV_Handler                                    build/stm32f1xx_it.o
RCC_IRQHandler                                    build/startup_stm32f103xb.o
RTC_Alarm_IRQHandler                              build/startup_stm32f103xb.o
RTC_IRQHandler                                    build/startup_stm32f103xb.o
Reset_Handler                                     build/startup_stm32f103xb.o
SPI1_IRQHandler                                   build/startup_stm32f103xb.o
SPI2_IRQHandler                                   build/startup_stm32f103xb.o
SVC_Handler                                       build/stm32f1xx_it.o
SysTick_Handler                                   build/stm32f1xx_it.o
SystemClock_Config                                build/main.o
SystemCoreClock                                   build/system_stm32f1xx.o
                                                  build/port.o
                                                  build/stm32f1xx_hal_i2c.o
                                                  build/stm32f1xx_hal_rcc.o
                                                  build/stm32f1xx_hal.o
SystemCoreClockUpdate                             build/system_stm32f1xx.o
SystemInit                                        build/system_stm32f1xx.o
                                                  build/startup_stm32f103xb.o
TAMPER_IRQHandler                                 build/startup_stm32f103xb.o
TIM1_BRK_IRQHandler                               build/startup_stm32f103xb.o
TIM1_CC_IRQHandler                                build/startup_stm32f103xb.o
TIM1_TRG_COM_IRQHandler                           build/startup_stm32f103xb.o
TIM1_UP_IRQHandler                                build/startup_stm32f103xb.o
TIM2_IRQHandler                                   build/startup_stm32f103xb.o
TIM3_IRQHandler                                   build/startup_stm32f103xb.o
TIM4_IRQHandler                                   build/startup_stm32f103xb.o
USART1_IRQHandler                                 build/startup_stm32f103xb.o
USART2_IRQHandler                                 build/startup_stm32f103xb.o
USART3_IRQHandler                                 build/startup_stm32f103xb.o
USBWakeUp_IRQHandler                              build/startup_stm32f103xb.o
USB_HP_CAN1_TX_IRQHandler                         build/startup_stm32f103xb.o
USB_LP_CAN1_RX0_IRQHandler                        build/startup_stm32f103xb.o
UsageFault_Handler                                build/stm32f1xx_it.o
WWDG_IRQHandler                                   build/startup_stm32f103xb.o
_Min_Stack_Size                                   build/sysmem.o
__adddf3                                          /opt/ST/STM32CubeCLT_1.19.0/GNU-tools-for-STM32/bin/../lib/gcc/arm-none-eabi/13.3.1/thumb/v7-m/nofp/libgcc.a(_arm_addsubdf3.o)
__addsf3                                          /opt/ST/STM32CubeCLT_1.19.0/GNU-tools-for-STM32/bin/../lib/gcc/arm-none-eabi/13.3.1/thumb/v7-m/nofp/libgcc.a(_arm_addsubsf3.o)
__aeabi_cdcmpeq                                   /opt/ST/STM32CubeCLT_1.19.0/GNU-tools-for-STM32/bin/../lib/gcc/arm-none-eabi/13.3.1/thumb/v7-m/nofp/libgcc.a(_arm_cmpdf2.o)
__aeabi_cdcmple                                   /opt/ST/STM32CubeCLT_1.19.0/GNU-tools-for-STM32/bin/../lib/gcc/arm-none-eabi/13.3.1/thumb/v7-m/nofp/libgcc.a(_arm_cmpdf2.o)
__aeabi_cdrcmple                                  /opt/ST/STM32CubeCLT_1.19.0/GNU-tools-for-STM32/bin/../lib/gcc/arm-none-eabi/13.3.1/thumb/v7-m/nofp/libgcc.a(_arm_cmpdf2.o)
__aeabi_cfcmpeq                                   /opt/ST/STM32CubeCLT_1.19.0/GNU-tools-for-STM32/bin/../lib/gcc/arm-none-eabi/13.3.1/thumb/v7-m/nofp/libgcc.a(_arm_cmpsf2.o)
__aeabi_cfcmple                                   /opt/ST/STM32CubeCLT_1.19.0/GNU-tools-for-STM32/bin/../lib/gcc/arm-none-eabi/13.3.1/thumb/v7-m/nofp/libgcc.a(_arm_cmpsf2.o)
__aeabi_cfrcmple                                  /opt/ST/STM32CubeCLT_1.19.0/GNU-tools-for-STM32/bin/../lib/gcc/arm-none-eabi/13.3.1/thumb/v7-m/nofp/libgcc.a(_arm_cmpsf2.o)
__aeabi_d2f                                       /opt/ST/STM32CubeCLT_1.19.0/GNU-tools-for-STM32/bin/../lib/gcc/arm-none-eabi/13.3.1/thumb/v7-m/nofp/libgcc.a(_arm_truncdfsf2.o)
                                                  build/main.o
__aeabi_d2iz                                      /opt/ST/STM32CubeCLT_1.19.0/GNU-tools-for-STM32/bin/../lib/gcc/arm-none-eabi/13.3.1/thumb/v7-m/nofp/libgcc.a(_arm_fixdfsi.o)
                                                  /opt/ST/STM32CubeCLT_1.19.0/GNU-tools-for-STM32/bin/../lib/gcc/arm-none-eabi/13.3.1/../../../../arm-none-eabi/lib/thumb/v7-m/nofp/libm.a(libm_a-k_sin.o)
                                                  /opt/ST/STM32CubeCLT_1.19.0/GNU-tools-for-STM32/bin/../lib/gcc/arm-none-eabi/13.3.1/../../../../arm-none-eabi/lib/thumb/v7-m/nofp/libm.a(libm_a-k_cos.o)
                                                  /opt/ST/STM32CubeCLT_1.19.0/GNU-tools-for-STM32/bin/../lib/gcc/arm-none-eabi/13.3.1/../../../../arm-none-eabi/lib/thumb/v7-m/nofp/libm.a(libm_a-k_rem_pio2.o)
                                                  /opt/ST/STM32CubeCLT_1.19.0/GNU-tools-for-STM32/bin/../lib/gcc/arm-none-eabi/13.3.1/../../../../arm-none-eabi/lib/thumb/v7-m/nofp/libm.a(libm_a-e_rem_pio2.o)
                                                  build/main.o
__aeabi_dadd                                      /opt/ST/STM32CubeCLT_1.19.0/GNU-tools-for-STM32/bin/../lib/gcc/arm-none-eabi/13.3.1/thumb/v7-m/nofp/libgcc.a(_arm_addsubdf3.o)
                                                  /opt/ST/STM32CubeCLT_1.19.0/GNU-tools-for-STM32/bin/../lib/gcc/arm-none-eabi/13.3.1/../../../../arm-none-eabi/lib/thumb/v7-m/nofp/libm.a(libm_a-s_floor.o)
                                                  /opt/ST/STM32CubeCLT_1.19.0/GNU-tools-for-STM32/bin/../lib/gcc/arm-none-eabi/13.3.1/../../../../arm-none-eabi/lib/thumb/v7-m/nofp/libm.a(libm_a-s_scalbn.o)
                                                  /opt/ST/STM32CubeCLT_1.19.0/GNU-tools-for-STM32/bin/../lib/gcc/arm-none-eabi/13.3.1/../../../../arm-none-eabi/lib/thumb/v7-m/nofp/libm.a(libm_a-k_sin.o)
                                                  /opt/ST/STM32CubeCLT_1.19.0/GNU-tools-for-STM32/bin/../lib/gcc/arm-none-eabi/13.3.1/../../../../arm-none-eabi/lib/thumb/v7-m/nofp/libm.a(libm_a-k_cos.o)
                                                  /opt/ST/STM32CubeCLT_1.19.0/GNU-tools-for-STM32/bin/../lib/gcc/arm-none-eabi/13.3.1/../../../../arm-none-eabi/lib/thumb/v7-m/nofp/libm.a(libm_a-k_rem_pio2.o)
                                                  /opt/ST/STM32CubeCLT_1.19.0/GNU-tools-for-STM32/bin/../lib/gcc/arm-none-eabi/13.3.1/../../../../arm-none-eabi/lib/thumb/v7-m/nofp/libm.a(libm_a-e_rem_pio2.o)
                                                  build/main.o
__aeabi_dcmpeq                                    /opt/ST/STM32CubeCLT_1.19.0/GNU-tools-for-STM32/bin/../lib/gcc/arm-none-eabi/13.3.1/thumb/v7-m/nofp/libgcc.a(_arm_cmpdf2.o)
                                                  /opt/ST/STM32CubeCLT_1.19.0/GNU-tools-for-STM32/bin/../lib/gcc/arm-none-eabi/13.3.1/../../../../arm-none-eabi/lib/thumb/v7-m/nofp/libm.a(libm_a-k_rem_pio2.o)
                                                  /opt/ST/STM32CubeCLT_1.19.0/GNU-tools-for-STM32/bin/../lib/gcc/arm-none-eabi/13.3.1/../../../../arm-none-eabi/lib/thumb/v7-m/nofp/libm.a(libm_a-e_rem_pio2.o)
__aeabi_dcmpge                                    /opt/ST/STM32CubeCLT_1.19.0/GNU-tools-for-STM32/bin/../lib/gcc/arm-none-eabi/13.3.1/thumb/v7-m/nofp/libgcc.a(_arm_cmpdf2.o)
                                                  /opt/ST/STM32CubeCLT_1.19.0/GNU-tools-for-STM32/bin/../lib/gcc/arm-none-eabi/13.3.1/../../../../arm-none-eabi/lib/thumb/v7-m/nofp/libm.a(libm_a-k_rem_pio2.o)
__aeabi_dcmpgt                                    /opt/ST/STM32CubeCLT_1.19.0/GNU-tools-for-STM32/bin/../lib/gcc/arm-none-eabi/13.3.1/thumb/v7-m/nofp/libgcc.a(_arm_cmpdf2.o)
                                                  /opt/ST/STM32CubeCLT_1.19.0/GNU-tools-for-STM32/bin/../lib/gcc/arm-none-eabi/13.3.1/../../../../arm-none-eabi/lib/thumb/v7-m/nofp/libm.a(libm_a-s_floor.o)
__aeabi_dcmple                                    /opt/ST/STM32CubeCLT_1.19.0/GNU-tools-for-STM32/bin/../lib/gcc/arm-none-eabi/13.3.1/thumb/v7-m/nofp/libgcc.a(_arm_cmpdf2.o)
__aeabi_dcmplt                                    /opt/ST/STM32CubeCLT_1.19.0/GNU-tools-for-STM32/bin/../lib/gcc/arm-none-eabi/13.3.1/thumb/v7-m/nofp/libgcc.a(_arm_cmpdf2.o)
__aeabi_ddiv                                      /opt/ST/STM32CubeCLT_1.19.0/GNU-tools-for-STM32/bin/../lib/gcc/arm-none-eabi/13.3.1/thumb/v7-m/nofp/libgcc.a(_arm_muldivdf3.o)
                                                  build/main.o
__aeabi_dmul                                      /opt/ST/STM32CubeCLT_1.19.0/GNU-tools-for-STM32/bin/../lib/gcc/arm-none-eabi/13.3.1/thumb/v7-m/nofp/libgcc.a(_arm_muldivdf3.o)
                                                  /opt/ST/STM32CubeCLT_1.19.0/GNU-tools-for-STM32/bin/../lib/gcc/arm-none-eabi/13.3.1/thumb/v7-m/nofp/libgcc.a(_arm_muldf3.o)
                                                  /opt/ST/STM32CubeCLT_1.19.0/GNU-tools-for-STM32/bin/../lib/gcc/arm-none-eabi/13.3.1/../../../../arm-none-eabi/lib/thumb/v7-m/nofp/libm.a(libm_a-s_scalbn.o)
                                                  /opt/ST/STM32CubeCLT_1.19.0/GNU-tools-for-STM32/bin/../lib/gcc/arm-none-eabi/13.3.1/../../../../arm-none-eabi/lib/thumb/v7-m/nofp/libm.a(libm_a-k_sin.o)
                                                  /opt/ST/STM32CubeCLT_1.19.0/GNU-tools-for-STM32/bin/../lib/gcc/arm-none-eabi/13.3.1/../../../../arm-none-eabi/lib/thumb/v7-m/nofp/libm.a(libm_a-k_cos.o)
                                                  /opt/ST/STM32CubeCLT_1.19.0/GNU-tools-for-STM32/bin/../lib/gcc/arm-none-eabi/13.3.1/../../../../arm-none-eabi/lib/thumb/v7-m/nofp/libm.a(libm_a-k_rem_pio2.o)
                                                  /opt/ST/STM32CubeCLT_1.19.0/GNU-tools-for-STM32/bin/../lib/gcc/arm-none-eabi/13.3.1/../../../../arm-none-eabi/lib/thumb/v7-m/nofp/libm.a(libm_a-e_rem_pio2.o)
                                                  build/main.o
__aeabi_drsub                                     /opt/ST/STM32CubeCLT_1.19.0/GNU-tools-for-STM32/bin/../lib/gcc/arm-none-eabi/13.3.1/thumb/v7-m/nofp/libgcc.a(_arm_addsubdf3.o)
__aeabi_dsub                                      /opt/ST/STM32CubeCLT_1.19.0/GNU-tools-for-STM32/bin/../lib/gcc/arm-none-eabi/13.3.1/thumb/v7-m/nofp/libgcc.a(_arm_addsubdf3.o)
                                                  /opt/ST/STM32CubeCLT_1.19.0/GNU-tools-for-STM32/bin/../lib/gcc/arm-none-eabi/13.3.1/../../../../arm-none-eabi/lib/thumb/v7-m/nofp/libm.a(libm_a-k_sin.o)
                                                  /opt/ST/STM32CubeCLT_1.19.0/GNU-tools-for-STM32/bin/../lib/gcc/arm-none-eabi/13.3.1/../../../../arm-none-eabi/lib/thumb/v7-m/nofp/libm.a(libm_a-k_cos.o)
                                                  /opt/ST/STM32CubeCLT_1.19.0/GNU-tools-for-STM32/bin/../lib/gcc/arm-none-eabi/13.3.1/../../../../arm-none-eabi/lib/thumb/v7-m/nofp/libm.a(libm_a-k_rem_pio2.o)
                                                  /opt/ST/STM32CubeCLT_1.19.0/GNU-tools-for-STM32/bin/../lib/gcc/arm-none-eabi/13.3.1/../../../../arm-none-eabi/lib/thumb/v7-m/nofp/libm.a(libm_a-e_rem_pio2.o)
                                                  /opt/ST/STM32CubeCLT_1.19.0/GNU-tools-for-STM32/bin/../lib/gcc/arm-none-eabi/13.3.1/../../../../arm-none-eabi/lib/thumb/v7-m/nofp/libm.a(libm_a-s_sin.o)
                                                  /opt/ST/STM32CubeCLT_1.19.0/GNU-tools-for-STM32/bin/../lib/gcc/arm-none-eabi/13.3.1/../../../../arm-none-eabi/lib/thumb/v7-m/nofp/libm.a(libm_a-s_cos.o)
                                                  build/main.o
__aeabi_f2d                                       /opt/ST/STM32CubeCLT_1.19.0/GNU-tools-for-STM32/bin/../lib/gcc/arm-none-eabi/13.3.1/thumb/v7-m/nofp/libgcc.a(_arm_addsubdf3.o)
                                                  build/main.o
__aeabi_f2iz                                      /opt/ST/STM32CubeCLT_1.19.0/GNU-tools-for-STM32/bin/../lib/gcc/arm-none-eabi/13.3.1/thumb/v7-m/nofp/libgcc.a(_arm_fixsfsi.o)
                                                  /opt/ST/STM32CubeCLT_1.19.0/GNU-tools-for-STM32/bin/../lib/gcc/arm-none-eabi/13.3.1/../../../../arm-none-eabi/lib/thumb/v7-m/nofp/libm.a(libm_a-kf_rem_pio2.o)
                                                  /opt/ST/STM32CubeCLT_1.19.0/GNU-tools-for-STM32/bin/../lib/gcc/arm-none-eabi/13.3.1/../../../../arm-none-eabi/lib/thumb/v7-m/nofp/libm.a(libm_a-ef_rem_pio2.o)
                                                  /opt/ST/STM32CubeCLT_1.19.0/GNU-tools-for-STM32/bin/../lib/gcc/arm-none-eabi/13.3.1/../../../../arm-none-eabi/lib/thumb/v7-m/nofp/libm.a(libm_a-kf_sin.o)
                                                  /opt/ST/STM32CubeCLT_1.19.0/GNU-tools-for-STM32/bin/../lib/gcc/arm-none-eabi/13.3.1/../../../../arm-none-eabi/lib/thumb/v7-m/nofp/libm.a(libm_a-kf_cos.o)
                                                  build/ssd1306.o
__aeabi_fadd                                      /opt/ST/STM32CubeCLT_1.19.0/GNU-tools-for-STM32/bin/../lib/gcc/arm-none-eabi/13.3.1/thumb/v7-m/nofp/libgcc.a(_arm_addsubsf3.o)
                                                  /opt/ST/STM32CubeCLT_1.19.0/GNU-tools-for-STM32/bin/../lib/gcc/arm-none-eabi/13.3.1/../../../../arm-none-eabi/lib/thumb/v7-m/nofp/libm.a(libm_a-sf_scalbn.o)
                                                  /opt/ST/STM32CubeCLT_1.19.0/GNU-tools-for-STM32/bin/../lib/gcc/arm-none-eabi/13.3.1/../../../../arm-none-eabi/lib/thumb/v7-m/nofp/libm.a(libm_a-sf_floor.o)
                                                  /opt/ST/STM32CubeCLT_1.19.0/GNU-tools-for-STM32/bin/../lib/gcc/arm-none-eabi/13.3.1/../../../../arm-none-eabi/lib/thumb/v7-m/nofp/libm.a(libm_a-kf_rem_pio2.o)
                                                  /opt/ST/STM32CubeCLT_1.19.0/GNU-tools-for-STM32/bin/../lib/gcc/arm-none-eabi/13.3.1/../../../../arm-none-eabi/lib/thumb/v7-m/nofp/libm.a(libm_a-ef_rem_pio2.o)
                                                  /opt/ST/STM32CubeCLT_1.19.0/GNU-tools-for-STM32/bin/../lib/gcc/arm-none-eabi/13.3.1/../../../../arm-none-eabi/lib/thumb/v7-m/nofp/libm.a(libm_a-kf_sin.o)
                                                  /opt/ST/STM32CubeCLT_1.19.0/GNU-tools-for-STM32/bin/../lib/gcc/arm-none-eabi/13.3.1/../../../../arm-none-eabi/lib/thumb/v7-m/nofp/libm.a(libm_a-kf_cos.o)
__aeabi_fcmpeq                                    /opt/ST/STM32CubeCLT_1.19.0/GNU-tools-for-STM32/bin/../lib/gcc/arm-none-eabi/13.3.1/thumb/v7-m/nofp/libgcc.a(_arm_cmpsf2.o)
                                                  /opt/ST/STM32CubeCLT_1.19.0/GNU-tools-for-STM32/bin/../lib/gcc/arm-none-eabi/13.3.1/../../../../arm-none-eabi/lib/thumb/v7-m/nofp/libm.a(libm_a-kf_rem_pio2.o)
                                                  /opt/ST/STM32CubeCLT_1.19.0/GNU-tools-for-STM32/bin/../lib/gcc/arm-none-eabi/13.3.1/../../../../arm-none-eabi/lib/thumb/v7-m/nofp/libm.a(libm_a-ef_rem_pio2.o)
__aeabi_fcmpge                                    /opt/ST/STM32CubeCLT_1.19.0/GNU-tools-for-STM32/bin/../lib/gcc/arm-none-eabi/13.3.1/thumb/v7-m/nofp/libgcc.a(_arm_cmpsf2.o)
                                                  /opt/ST/STM32CubeCLT_1.19.0/GNU-tools-for-STM32/bin/../lib/gcc/arm-none-eabi/13.3.1/../../../../arm-none-eabi/lib/thumb/v7-m/nofp/libm.a(libm_a-kf_rem_pio2.o)
__aeabi_fcmpgt                                    /opt/ST/STM32CubeCLT_1.19.0/GNU-tools-for-STM32/bin/../lib/gcc/arm-none-eabi/13.3.1/thumb/v7-m/nofp/libgcc.a(_arm_cmpsf2.o)
                                                  /opt/ST/STM32CubeCLT_1.19.0/GNU-tools-for-STM32/bin/../lib/gcc/arm-none-eabi/13.3.1/../../../../arm-none-eabi/lib/thumb/v7-m/nofp/libm.a(libm_a-sf_floor.o)
__aeabi_fcmple                                    /opt/ST/STM32CubeCLT_1.19.0/GNU-tools-for-STM32/bin/../lib/gcc/arm-none-eabi/13.3.1/thumb/v7-m/nofp/libgcc.a(_arm_cmpsf2.o)
__aeabi_fcmplt                                    /opt/ST/STM32CubeCLT_1.19.0/GNU-tools-for-STM32/bin/../lib/gcc/arm-none-eabi/13.3.1/thumb/v7-m/nofp/libgcc.a(_arm_cmpsf2.o)
__aeabi_fdiv                                      /opt/ST/STM32CubeCLT_1.19.0/GNU-tools-for-STM32/bin/../lib/gcc/arm-none-eabi/13.3.1/thumb/v7-m/nofp/libgcc.a(_arm_muldivsf3.o)
                                                  build/ssd1306.o
__aeabi_fmul                                      /opt/ST/STM32CubeCLT_1.19.0/GNU-tools-for-STM32/bin/../lib/gcc/arm-none-eabi/13.3.1/thumb/v7-m/nofp/libgcc.a(_arm_muldivsf3.o)
                                                  /opt/ST/STM32CubeCLT_1.19.0/GNU-tools-for-STM32/bin/../lib/gcc/arm-none-eabi/13.3.1/thumb/v7-m/nofp/libgcc.a(_arm_mulsf3.o)
                                                  /opt/ST/STM32CubeCLT_1.19.0/GNU-tools-for-STM32/bin/../lib/gcc/arm-none-eabi/13.3.1/../../../../arm-none-eabi/lib/thumb/v7-m/nofp/libm.a(libm_a-sf_scalbn.o)
                                                  /opt/ST/STM32CubeCLT_1.19.0/GNU-tools-for-STM32/bin/../lib/gcc/arm-none-eabi/13.3.1/../../../../arm-none-eabi/lib/thumb/v7-m/nofp/libm.a(libm_a-kf_rem_pio2.o)
                                                  /opt/ST/STM32CubeCLT_1.19.0/GNU-tools-for-STM32/bin/../lib/gcc/arm-none-eabi/13.3.1/../../../../arm-none-eabi/lib/thumb/v7-m/nofp/libm.a(libm_a-ef_rem_pio2.o)
                                                  /opt/ST/STM32CubeCLT_1.19.0/GNU-tools-for-STM32/bin/../lib/gcc/arm-none-eabi/13.3.1/../../../../arm-none-eabi/lib/thumb/v7-m/nofp/libm.a(libm_a-kf_sin.o)
                                                  /opt/ST/STM32CubeCLT_1.19.0/GNU-tools-for-STM32/bin/../lib/gcc/arm-none-eabi/13.3.1/../../../../arm-none-eabi/lib/thumb/v7-m/nofp/libm.a(libm_a-kf_cos.o)
                                                  build/ssd1306.o
__aeabi_frsub                                     /opt/ST/STM32CubeCLT_1.19.0/GNU-tools-for-STM32/bin/../lib/gcc/arm-none-eabi/13.3.1/thumb/v7-m/nofp/libgcc.a(_arm_addsubsf3.o)
__aeabi_fsub                                      /opt/ST/STM32CubeCLT_1.19.0/GNU-tools-for-STM32/bin/../lib/gcc/arm-none-eabi/13.3.1/thumb/v7-m/nofp/libgcc.a(_arm_addsubsf3.o)
                                                  /opt/ST/STM32CubeCLT_1.19.0/GNU-tools-for-STM32/bin/../lib/gcc/arm-none-eabi/13.3.1/../../../../arm-none-eabi/lib/thumb/v7-m/nofp/libm.a(libm_a-kf_rem_pio2.o)
                                                  /opt/ST/STM32CubeCLT_1.19.0/GNU-tools-for-STM32/bin/../lib/gcc/arm-none-eabi/13.3.1/../../../../arm-none-eabi/lib/thumb/v7-m/nofp/libm.a(libm_a-ef_rem_pio2.o)
                                                  /opt/ST/STM32CubeCLT_1.19.0/GNU-tools-for-STM32/bin/../lib/gcc/arm-none-eabi/13.3.1/../../../../arm-none-eabi/lib/thumb/v7-m/nofp/libm.a(libm_a-kf_sin.o)
                                                  /opt/ST/STM32CubeCLT_1.19.0/GNU-tools-for-STM32/bin/../lib/gcc/arm-none-eabi/13.3.1/../../../../arm-none-eabi/lib/thumb/v7-m/nofp/libm.a(libm_a-kf_cos.o)
                                                  /opt/ST/STM32CubeCLT_1.19.0/GNU-tools-for-STM32/bin/../lib/gcc/arm-none-eabi/13.3.1/../../../../arm-none-eabi/lib/thumb/v7-m/nofp/libm.a(libm_a-sf_sin.o)
                                                  /opt/ST/STM32CubeCLT_1.19.0/GNU-tools-for-STM32/bin/../lib/gcc/arm-none-eabi/13.3.1/../../../../arm-none-eabi/lib/thumb/v7-m/nofp/libm.a(libm_a-sf_cos.o)
__aeabi_i2d                                       /opt/ST/STM32CubeCLT_1.19.0/GNU-tools-for-STM32/bin/../lib/gcc/arm-none-eabi/13.3.1/thumb/v7-m/nofp/libgcc.a(_arm_addsubdf3.o)
                                                  /opt/ST/STM32CubeCLT_1.19.0/GNU-tools-for-STM32/bin/../lib/gcc/arm-none-eabi/13.3.1/../../../../arm-none-eabi/lib/thumb/v7-m/nofp/libm.a(libm_a-k_rem_pio2.o)
                                                  /opt/ST/STM32CubeCLT_1.19.0/GNU-tools-for-STM32/bin/../lib/gcc/arm-none-eabi/13.3.1/../../../../arm-none-eabi/lib/thumb/v7-m/nofp/libm.a(libm_a-e_rem_pio2.o)
                                                  build/main.o
__aeabi_i2f                                       /opt/ST/STM32CubeCLT_1.19.0/GNU-tools-for-STM32/bin/../lib/gcc/arm-none-eabi/13.3.1/thumb/v7-m/nofp/libgcc.a(_arm_addsubsf3.o)
                                                  /opt/ST/STM32CubeCLT_1.19.0/GNU-tools-for-STM32/bin/../lib/gcc/arm-none-eabi/13.3.1/../../../../arm-none-eabi/lib/thumb/v7-m/nofp/libm.a(libm_a-kf_rem_pio2.o)
                                                  /opt/ST/STM32CubeCLT_1.19.0/GNU-tools-for-STM32/bin/../lib/gcc/arm-none-eabi/13.3.1/../../../../arm-none-eabi/lib/thumb/v7-m/nofp/libm.a(libm_a-ef_rem_pio2.o)
                                                  build/ssd1306.o
__aeabi_l2d                                       /opt/ST/STM32CubeCLT_1.19.0/GNU-tools-for-STM32/bin/../lib/gcc/arm-none-eabi/13.3.1/thumb/v7-m/nofp/libgcc.a(_arm_addsubdf3.o)
__aeabi_l2f                                       /opt/ST/STM32CubeCLT_1.19.0/GNU-tools-for-STM32/bin/../lib/gcc/arm-none-eabi/13.3.1/thumb/v7-m/nofp/libgcc.a(_arm_addsubsf3.o)
__aeabi_ui2d                                      /opt/ST/STM32CubeCLT_1.19.0/GNU-tools-for-STM32/bin/../lib/gcc/arm-none-eabi/13.3.1/thumb/v7-m/nofp/libgcc.a(_arm_addsubdf3.o)
__aeabi_ui2f                                      /opt/ST/STM32CubeCLT_1.19.0/GNU-tools-for-STM32/bin/../lib/gcc/arm-none-eabi/13.3.1/thumb/v7-m/nofp/libgcc.a(_arm_addsubsf3.o)
                                                  build/ssd1306.o
__aeabi_ul2d                                      /opt/ST/STM32CubeCLT_1.19.0/GNU-tools-for-STM32/bin/../lib/gcc/arm-none-eabi/13.3.1/thumb/v7-m/nofp/libgcc.a(_arm_addsubdf3.o)